Component: ARM Compiler 5.06 update 7 (build 960) Tool: armlink [4d3601]

==============================================================================

Small function inlining results

Inlined function clock from clock.o at offset 0x5a in main.o(.text).
Inlined Instruction: MOV      r0,#0, ADDS     r0,r0,#0xff
Inlined function clock from clock.o at offset 0x84 in main.o(.text).
Inlined Instruction: MOV      r0,#0, ADDS     r0,r0,#0xff
Inlined total of 2 calls.

==============================================================================

Section Cross References

    system_ma35d1_rtp.o(.text) refers to system_ma35d1_rtp.o(.data) for .data
    startup_ma35d1_rtp.o(RESET) refers to startup_ma35d1_rtp.o(STACK) for __initial_sp
    startup_ma35d1_rtp.o(RESET) refers to startup_ma35d1_rtp.o(.text) for Reset_Handler
    startup_ma35d1_rtp.o(RESET) refers to retarget.o(.emb_text) for HardFault_Handler
    startup_ma35d1_rtp.o(RESET) refers to watchdog.o(.text) for WWDT2_IRQHandler
    startup_ma35d1_rtp.o(.text) refers to system_ma35d1_rtp.o(.text) for SystemInit
    startup_ma35d1_rtp.o(.text) refers to entry.o(.ARM.Collect$$$$00000000) for __main
    main.o(.text) refers to clk.o(.text) for CLK_EnableModuleClock
    main.o(.text) refers to system_ma35d1_rtp.o(.text) for SystemCoreClockUpdate
    main.o(.text) refers to uart.o(.text) for UART_Open
    main.o(.text) refers to printfa.o(i.__0printf) for __2printf
    main.o(.text) refers to watchdog.o(.text) for WWDT_init
    main.o(.text) refers to dfltui.o(.text) for __aeabi_ui2d
    main.o(.text) refers to ddiv.o(.text) for __aeabi_ddiv
    main.o(.text) refers to system_ma35d1_rtp.o(.data) for SystemCoreClock
    clk.o(.text) refers to clk.o(.text) for CLK_DisableModuleClock
    clk.o(.text) refers to clk.o(.text) for CLK_EnableModuleClock
    clk.o(.text) refers to clk.o(.text) for CLK_GetPLLOpMode
    clk.o(.text) refers to clk.o(.text) for CLK_GetPLLClockFreq
    clk.o(.text) refers to clk.o(.text) for CLK_GetSYSCLK1Freq
    clk.o(.text) refers to clk.o(.text) for CLK_GetSYSCLK1Freq
    clk.o(.text) refers to clk.o(.text) for CLK_GetSYSCLK1Freq
    clk.o(.text) refers to memcpya.o(.text) for __aeabi_memcpy4
    clk.o(.text) refers to clk.o(.constdata) for .constdata
    clk.o(.text) refers to memcpya.o(.text) for __aeabi_memcpy4
    clk.o(.text) refers to clk.o(.constdata) for .constdata
    retarget.o(.emb_text) refers to retarget.o(.text) for Hard_Fault_Handler
    retarget.o(.text) refers to printfa.o(i.__0printf) for __2printf
    retarget.o(.text) refers to retarget.o(.text) for SendChar
    uart.o(.text) refers to clk.o(.text) for CLK_GetSYSCLK1Freq
    uart.o(.text) refers to uart.o(.constdata) for .constdata
    uart.o(.text) refers to clk.o(.text) for CLK_GetSYSCLK1Freq
    uart.o(.text) refers to uart.o(.constdata) for .constdata
    uart.o(.text) refers to clk.o(.text) for CLK_GetSYSCLK1Freq
    uart.o(.text) refers to uart.o(.constdata) for .constdata
    watchdog.o(.text) refers to printfa.o(i.__0printf) for __2printf
    watchdog.o(.text) refers to clk.o(.text) for CLK_SetModuleClock
    watchdog.o(.text) refers to system_ma35d1_rtp.o(.text) for SystemCoreClockUpdate
    watchdog.o(.text) refers to wwdt.o(.text) for WWDT_Open
    watchdog.o(.text) refers to watchdog.o(.conststring) for .conststring
    dio.o(.text) refers to printfa.o(i.__0printf) for __2printf
    dio.o(.text) refers to clk.o(.text) for CLK_EnableModuleClock
    dio.o(.text) refers to system_ma35d1_rtp.o(.text) for SystemCoreClockUpdate
    dio.o(.text) refers to gpio.o(.text) for GPIO_SetMode
    entry.o(.ARM.Collect$$$$00000000) refers (Special) to entry10a.o(.ARM.Collect$$$$0000000F) for __rt_final_cpp
    entry.o(.ARM.Collect$$$$00000000) refers (Special) to entry11a.o(.ARM.Collect$$$$00000011) for __rt_final_exit
    entry.o(.ARM.Collect$$$$00000000) refers (Special) to entry12b.o(.ARM.Collect$$$$0000000E) for __rt_lib_shutdown_fini
    entry.o(.ARM.Collect$$$$00000000) refers (Special) to entry7b.o(.ARM.Collect$$$$00000008) for _main_clock
    entry.o(.ARM.Collect$$$$00000000) refers (Special) to entry8b.o(.ARM.Collect$$$$0000000A) for _main_cpp_init
    entry.o(.ARM.Collect$$$$00000000) refers (Special) to entry9a.o(.ARM.Collect$$$$0000000B) for _main_init
    entry.o(.ARM.Collect$$$$00000000) refers (Special) to entry5.o(.ARM.Collect$$$$00000004) for _main_scatterload
    entry.o(.ARM.Collect$$$$00000000) refers (Special) to entry2.o(.ARM.Collect$$$$00000001) for _main_stk
    printfb.o(i.__0fprintf$bare) refers to printfb.o(i._printf_core) for _printf_core
    printfb.o(i.__0fprintf$bare) refers to retarget.o(.text) for fputc
    printfb.o(i.__0printf$bare) refers to printfb.o(i._printf_core) for _printf_core
    printfb.o(i.__0printf$bare) refers to retarget.o(.text) for fputc
    printfb.o(i.__0printf$bare) refers to retarget.o(.data) for __stdout
    printfb.o(i.__0snprintf$bare) refers to printfb.o(i._printf_core) for _printf_core
    printfb.o(i.__0snprintf$bare) refers to printfb.o(i._snputc) for _snputc
    printfb.o(i.__0sprintf$bare) refers to printfb.o(i._printf_core) for _printf_core
    printfb.o(i.__0sprintf$bare) refers to printfb.o(i._sputc) for _sputc
    printfb.o(i.__0vfprintf$bare) refers to printfb.o(i._printf_core) for _printf_core
    printfb.o(i.__0vfprintf$bare) refers to retarget.o(.text) for fputc
    printfb.o(i.__0vprintf$bare) refers to printfb.o(i._printf_core) for _printf_core
    printfb.o(i.__0vprintf$bare) refers to retarget.o(.text) for fputc
    printfb.o(i.__0vprintf$bare) refers to retarget.o(.data) for __stdout
    printfb.o(i.__0vsnprintf$bare) refers to printfb.o(i._printf_core) for _printf_core
    printfb.o(i.__0vsnprintf$bare) refers to printfb.o(i._snputc) for _snputc
    printfb.o(i.__0vsprintf$bare) refers to printfb.o(i._printf_core) for _printf_core
    printfb.o(i.__0vsprintf$bare) refers to printfb.o(i._sputc) for _sputc
    printf0.o(i.__0fprintf$0) refers to printf0.o(i._printf_core) for _printf_core
    printf0.o(i.__0fprintf$0) refers to retarget.o(.text) for fputc
    printf0.o(i.__0printf$0) refers to printf0.o(i._printf_core) for _printf_core
    printf0.o(i.__0printf$0) refers to retarget.o(.text) for fputc
    printf0.o(i.__0printf$0) refers to retarget.o(.data) for __stdout
    printf0.o(i.__0snprintf$0) refers to printf0.o(i._printf_core) for _printf_core
    printf0.o(i.__0snprintf$0) refers to printf0.o(i._snputc) for _snputc
    printf0.o(i.__0sprintf$0) refers to printf0.o(i._printf_core) for _printf_core
    printf0.o(i.__0sprintf$0) refers to printf0.o(i._sputc) for _sputc
    printf0.o(i.__0vfprintf$0) refers to printf0.o(i._printf_core) for _printf_core
    printf0.o(i.__0vfprintf$0) refers to retarget.o(.text) for fputc
    printf0.o(i.__0vprintf$0) refers to printf0.o(i._printf_core) for _printf_core
    printf0.o(i.__0vprintf$0) refers to retarget.o(.text) for fputc
    printf0.o(i.__0vprintf$0) refers to retarget.o(.data) for __stdout
    printf0.o(i.__0vsnprintf$0) refers to printf0.o(i._printf_core) for _printf_core
    printf0.o(i.__0vsnprintf$0) refers to printf0.o(i._snputc) for _snputc
    printf0.o(i.__0vsprintf$0) refers to printf0.o(i._printf_core) for _printf_core
    printf0.o(i.__0vsprintf$0) refers to printf0.o(i._sputc) for _sputc
    printf1.o(i.__0fprintf$1) refers to printf1.o(i._printf_core) for _printf_core
    printf1.o(i.__0fprintf$1) refers to retarget.o(.text) for fputc
    printf1.o(i.__0printf$1) refers to printf1.o(i._printf_core) for _printf_core
    printf1.o(i.__0printf$1) refers to retarget.o(.text) for fputc
    printf1.o(i.__0printf$1) refers to retarget.o(.data) for __stdout
    printf1.o(i.__0snprintf$1) refers to printf1.o(i._printf_core) for _printf_core
    printf1.o(i.__0snprintf$1) refers to printf1.o(i._snputc) for _snputc
    printf1.o(i.__0sprintf$1) refers to printf1.o(i._printf_core) for _printf_core
    printf1.o(i.__0sprintf$1) refers to printf1.o(i._sputc) for _sputc
    printf1.o(i.__0vfprintf$1) refers to printf1.o(i._printf_core) for _printf_core
    printf1.o(i.__0vfprintf$1) refers to retarget.o(.text) for fputc
    printf1.o(i.__0vprintf$1) refers to printf1.o(i._printf_core) for _printf_core
    printf1.o(i.__0vprintf$1) refers to retarget.o(.text) for fputc
    printf1.o(i.__0vprintf$1) refers to retarget.o(.data) for __stdout
    printf1.o(i.__0vsnprintf$1) refers to printf1.o(i._printf_core) for _printf_core
    printf1.o(i.__0vsnprintf$1) refers to printf1.o(i._snputc) for _snputc
    printf1.o(i.__0vsprintf$1) refers to printf1.o(i._printf_core) for _printf_core
    printf1.o(i.__0vsprintf$1) refers to printf1.o(i._sputc) for _sputc
    printf1.o(i._printf_core) refers to uidiv.o(.text) for __aeabi_uidivmod
    printf2.o(i.__0fprintf$2) refers to printf2.o(i._printf_core) for _printf_core
    printf2.o(i.__0fprintf$2) refers to retarget.o(.text) for fputc
    printf2.o(i.__0printf$2) refers to printf2.o(i._printf_core) for _printf_core
    printf2.o(i.__0printf$2) refers to retarget.o(.text) for fputc
    printf2.o(i.__0printf$2) refers to retarget.o(.data) for __stdout
    printf2.o(i.__0snprintf$2) refers to printf2.o(i._printf_core) for _printf_core
    printf2.o(i.__0snprintf$2) refers to printf2.o(i._snputc) for _snputc
    printf2.o(i.__0sprintf$2) refers to printf2.o(i._printf_core) for _printf_core
    printf2.o(i.__0sprintf$2) refers to printf2.o(i._sputc) for _sputc
    printf2.o(i.__0vfprintf$2) refers to printf2.o(i._printf_core) for _printf_core
    printf2.o(i.__0vfprintf$2) refers to retarget.o(.text) for fputc
    printf2.o(i.__0vprintf$2) refers to printf2.o(i._printf_core) for _printf_core
    printf2.o(i.__0vprintf$2) refers to retarget.o(.text) for fputc
    printf2.o(i.__0vprintf$2) refers to retarget.o(.data) for __stdout
    printf2.o(i.__0vsnprintf$2) refers to printf2.o(i._printf_core) for _printf_core
    printf2.o(i.__0vsnprintf$2) refers to printf2.o(i._snputc) for _snputc
    printf2.o(i.__0vsprintf$2) refers to printf2.o(i._printf_core) for _printf_core
    printf2.o(i.__0vsprintf$2) refers to printf2.o(i._sputc) for _sputc
    printf3.o(i.__0fprintf$3) refers to printf3.o(i._printf_core) for _printf_core
    printf3.o(i.__0fprintf$3) refers to retarget.o(.text) for fputc
    printf3.o(i.__0printf$3) refers to printf3.o(i._printf_core) for _printf_core
    printf3.o(i.__0printf$3) refers to retarget.o(.text) for fputc
    printf3.o(i.__0printf$3) refers to retarget.o(.data) for __stdout
    printf3.o(i.__0snprintf$3) refers to printf3.o(i._printf_core) for _printf_core
    printf3.o(i.__0snprintf$3) refers to printf3.o(i._snputc) for _snputc
    printf3.o(i.__0sprintf$3) refers to printf3.o(i._printf_core) for _printf_core
    printf3.o(i.__0sprintf$3) refers to printf3.o(i._sputc) for _sputc
    printf3.o(i.__0vfprintf$3) refers to printf3.o(i._printf_core) for _printf_core
    printf3.o(i.__0vfprintf$3) refers to retarget.o(.text) for fputc
    printf3.o(i.__0vprintf$3) refers to printf3.o(i._printf_core) for _printf_core
    printf3.o(i.__0vprintf$3) refers to retarget.o(.text) for fputc
    printf3.o(i.__0vprintf$3) refers to retarget.o(.data) for __stdout
    printf3.o(i.__0vsnprintf$3) refers to printf3.o(i._printf_core) for _printf_core
    printf3.o(i.__0vsnprintf$3) refers to printf3.o(i._snputc) for _snputc
    printf3.o(i.__0vsprintf$3) refers to printf3.o(i._printf_core) for _printf_core
    printf3.o(i.__0vsprintf$3) refers to printf3.o(i._sputc) for _sputc
    printf3.o(i._printf_core) refers to uidiv.o(.text) for __aeabi_uidivmod
    printf4.o(i.__0fprintf$4) refers to printf4.o(i._printf_core) for _printf_core
    printf4.o(i.__0fprintf$4) refers to retarget.o(.text) for fputc
    printf4.o(i.__0printf$4) refers to printf4.o(i._printf_core) for _printf_core
    printf4.o(i.__0printf$4) refers to retarget.o(.text) for fputc
    printf4.o(i.__0printf$4) refers to retarget.o(.data) for __stdout
    printf4.o(i.__0snprintf$4) refers to printf4.o(i._printf_core) for _printf_core
    printf4.o(i.__0snprintf$4) refers to printf4.o(i._snputc) for _snputc
    printf4.o(i.__0sprintf$4) refers to printf4.o(i._printf_core) for _printf_core
    printf4.o(i.__0sprintf$4) refers to printf4.o(i._sputc) for _sputc
    printf4.o(i.__0vfprintf$4) refers to printf4.o(i._printf_core) for _printf_core
    printf4.o(i.__0vfprintf$4) refers to retarget.o(.text) for fputc
    printf4.o(i.__0vprintf$4) refers to printf4.o(i._printf_core) for _printf_core
    printf4.o(i.__0vprintf$4) refers to retarget.o(.text) for fputc
    printf4.o(i.__0vprintf$4) refers to retarget.o(.data) for __stdout
    printf4.o(i.__0vsnprintf$4) refers to printf4.o(i._printf_core) for _printf_core
    printf4.o(i.__0vsnprintf$4) refers to printf4.o(i._snputc) for _snputc
    printf4.o(i.__0vsprintf$4) refers to printf4.o(i._printf_core) for _printf_core
    printf4.o(i.__0vsprintf$4) refers to printf4.o(i._sputc) for _sputc
    printf4.o(i._printf_core) refers to uldiv.o(.text) for __aeabi_uldivmod
    printf5.o(i.__0fprintf$5) refers to printf5.o(i._printf_core) for _printf_core
    printf5.o(i.__0fprintf$5) refers to retarget.o(.text) for fputc
    printf5.o(i.__0printf$5) refers to printf5.o(i._printf_core) for _printf_core
    printf5.o(i.__0printf$5) refers to retarget.o(.text) for fputc
    printf5.o(i.__0printf$5) refers to retarget.o(.data) for __stdout
    printf5.o(i.__0snprintf$5) refers to printf5.o(i._printf_core) for _printf_core
    printf5.o(i.__0snprintf$5) refers to printf5.o(i._snputc) for _snputc
    printf5.o(i.__0sprintf$5) refers to printf5.o(i._printf_core) for _printf_core
    printf5.o(i.__0sprintf$5) refers to printf5.o(i._sputc) for _sputc
    printf5.o(i.__0vfprintf$5) refers to printf5.o(i._printf_core) for _printf_core
    printf5.o(i.__0vfprintf$5) refers to retarget.o(.text) for fputc
    printf5.o(i.__0vprintf$5) refers to printf5.o(i._printf_core) for _printf_core
    printf5.o(i.__0vprintf$5) refers to retarget.o(.text) for fputc
    printf5.o(i.__0vprintf$5) refers to retarget.o(.data) for __stdout
    printf5.o(i.__0vsnprintf$5) refers to printf5.o(i._printf_core) for _printf_core
    printf5.o(i.__0vsnprintf$5) refers to printf5.o(i._snputc) for _snputc
    printf5.o(i.__0vsprintf$5) refers to printf5.o(i._printf_core) for _printf_core
    printf5.o(i.__0vsprintf$5) refers to printf5.o(i._sputc) for _sputc
    printf5.o(i._printf_core) refers to uldiv.o(.text) for __aeabi_uldivmod
    printf6.o(i.__0fprintf$6) refers to printf6.o(i._printf_core) for _printf_core
    printf6.o(i.__0fprintf$6) refers to retarget.o(.text) for fputc
    printf6.o(i.__0printf$6) refers to printf6.o(i._printf_core) for _printf_core
    printf6.o(i.__0printf$6) refers to retarget.o(.text) for fputc
    printf6.o(i.__0printf$6) refers to retarget.o(.data) for __stdout
    printf6.o(i.__0snprintf$6) refers to printf6.o(i._printf_core) for _printf_core
    printf6.o(i.__0snprintf$6) refers to printf6.o(i._snputc) for _snputc
    printf6.o(i.__0sprintf$6) refers to printf6.o(i._printf_core) for _printf_core
    printf6.o(i.__0sprintf$6) refers to printf6.o(i._sputc) for _sputc
    printf6.o(i.__0vfprintf$6) refers to printf6.o(i._printf_core) for _printf_core
    printf6.o(i.__0vfprintf$6) refers to retarget.o(.text) for fputc
    printf6.o(i.__0vprintf$6) refers to printf6.o(i._printf_core) for _printf_core
    printf6.o(i.__0vprintf$6) refers to retarget.o(.text) for fputc
    printf6.o(i.__0vprintf$6) refers to retarget.o(.data) for __stdout
    printf6.o(i.__0vsnprintf$6) refers to printf6.o(i._printf_core) for _printf_core
    printf6.o(i.__0vsnprintf$6) refers to printf6.o(i._snputc) for _snputc
    printf6.o(i.__0vsprintf$6) refers to printf6.o(i._printf_core) for _printf_core
    printf6.o(i.__0vsprintf$6) refers to printf6.o(i._sputc) for _sputc
    printf6.o(i._printf_core) refers to printf6.o(i._printf_pre_padding) for _printf_pre_padding
    printf6.o(i._printf_core) refers to uidiv.o(.text) for __aeabi_uidivmod
    printf6.o(i._printf_core) refers to printf6.o(i._printf_post_padding) for _printf_post_padding
    printf7.o(i.__0fprintf$7) refers to printf7.o(i._printf_core) for _printf_core
    printf7.o(i.__0fprintf$7) refers to retarget.o(.text) for fputc
    printf7.o(i.__0printf$7) refers to printf7.o(i._printf_core) for _printf_core
    printf7.o(i.__0printf$7) refers to retarget.o(.text) for fputc
    printf7.o(i.__0printf$7) refers to retarget.o(.data) for __stdout
    printf7.o(i.__0snprintf$7) refers to printf7.o(i._printf_core) for _printf_core
    printf7.o(i.__0snprintf$7) refers to printf7.o(i._snputc) for _snputc
    printf7.o(i.__0sprintf$7) refers to printf7.o(i._printf_core) for _printf_core
    printf7.o(i.__0sprintf$7) refers to printf7.o(i._sputc) for _sputc
    printf7.o(i.__0vfprintf$7) refers to printf7.o(i._printf_core) for _printf_core
    printf7.o(i.__0vfprintf$7) refers to retarget.o(.text) for fputc
    printf7.o(i.__0vprintf$7) refers to printf7.o(i._printf_core) for _printf_core
    printf7.o(i.__0vprintf$7) refers to retarget.o(.text) for fputc
    printf7.o(i.__0vprintf$7) refers to retarget.o(.data) for __stdout
    printf7.o(i.__0vsnprintf$7) refers to printf7.o(i._printf_core) for _printf_core
    printf7.o(i.__0vsnprintf$7) refers to printf7.o(i._snputc) for _snputc
    printf7.o(i.__0vsprintf$7) refers to printf7.o(i._printf_core) for _printf_core
    printf7.o(i.__0vsprintf$7) refers to printf7.o(i._sputc) for _sputc
    printf7.o(i._printf_core) refers to printf7.o(i._printf_pre_padding) for _printf_pre_padding
    printf7.o(i._printf_core) refers to uldiv.o(.text) for __aeabi_uldivmod
    printf7.o(i._printf_core) refers to printf7.o(i._printf_post_padding) for _printf_post_padding
    printf8.o(i.__0fprintf$8) refers to printf8.o(i._printf_core) for _printf_core
    printf8.o(i.__0fprintf$8) refers to retarget.o(.text) for fputc
    printf8.o(i.__0printf$8) refers to printf8.o(i._printf_core) for _printf_core
    printf8.o(i.__0printf$8) refers to retarget.o(.text) for fputc
    printf8.o(i.__0printf$8) refers to retarget.o(.data) for __stdout
    printf8.o(i.__0snprintf$8) refers to printf8.o(i._printf_core) for _printf_core
    printf8.o(i.__0snprintf$8) refers to printf8.o(i._snputc) for _snputc
    printf8.o(i.__0sprintf$8) refers to printf8.o(i._printf_core) for _printf_core
    printf8.o(i.__0sprintf$8) refers to printf8.o(i._sputc) for _sputc
    printf8.o(i.__0vfprintf$8) refers to printf8.o(i._printf_core) for _printf_core
    printf8.o(i.__0vfprintf$8) refers to retarget.o(.text) for fputc
    printf8.o(i.__0vprintf$8) refers to printf8.o(i._printf_core) for _printf_core
    printf8.o(i.__0vprintf$8) refers to retarget.o(.text) for fputc
    printf8.o(i.__0vprintf$8) refers to retarget.o(.data) for __stdout
    printf8.o(i.__0vsnprintf$8) refers to printf8.o(i._printf_core) for _printf_core
    printf8.o(i.__0vsnprintf$8) refers to printf8.o(i._snputc) for _snputc
    printf8.o(i.__0vsprintf$8) refers to printf8.o(i._printf_core) for _printf_core
    printf8.o(i.__0vsprintf$8) refers to printf8.o(i._sputc) for _sputc
    printf8.o(i._printf_core) refers to printf8.o(i._printf_pre_padding) for _printf_pre_padding
    printf8.o(i._printf_core) refers to uldiv.o(.text) for __aeabi_uldivmod
    printf8.o(i._printf_core) refers to printf8.o(i._printf_post_padding) for _printf_post_padding
    printfa.o(i.__0fprintf) refers (Special) to iusefp.o(.text) for __I$use$fp
    printfa.o(i.__0fprintf) refers to printfa.o(i._printf_core) for _printf_core
    printfa.o(i.__0fprintf) refers to retarget.o(.text) for fputc
    printfa.o(i.__0printf) refers (Special) to iusefp.o(.text) for __I$use$fp
    printfa.o(i.__0printf) refers to printfa.o(i._printf_core) for _printf_core
    printfa.o(i.__0printf) refers to retarget.o(.text) for fputc
    printfa.o(i.__0printf) refers to retarget.o(.data) for __stdout
    printfa.o(i.__0snprintf) refers (Special) to iusefp.o(.text) for __I$use$fp
    printfa.o(i.__0snprintf) refers to printfa.o(i._printf_core) for _printf_core
    printfa.o(i.__0snprintf) refers to printfa.o(i._snputc) for _snputc
    printfa.o(i.__0sprintf) refers (Special) to iusefp.o(.text) for __I$use$fp
    printfa.o(i.__0sprintf) refers to printfa.o(i._printf_core) for _printf_core
    printfa.o(i.__0sprintf) refers to printfa.o(i._sputc) for _sputc
    printfa.o(i.__0vfprintf) refers (Special) to iusefp.o(.text) for __I$use$fp
    printfa.o(i.__0vfprintf) refers to printfa.o(i._printf_core) for _printf_core
    printfa.o(i.__0vfprintf) refers to retarget.o(.text) for fputc
    printfa.o(i.__0vprintf) refers (Special) to iusefp.o(.text) for __I$use$fp
    printfa.o(i.__0vprintf) refers to printfa.o(i._printf_core) for _printf_core
    printfa.o(i.__0vprintf) refers to retarget.o(.text) for fputc
    printfa.o(i.__0vprintf) refers to retarget.o(.data) for __stdout
    printfa.o(i.__0vsnprintf) refers (Special) to iusefp.o(.text) for __I$use$fp
    printfa.o(i.__0vsnprintf) refers to printfa.o(i._printf_core) for _printf_core
    printfa.o(i.__0vsnprintf) refers to printfa.o(i._snputc) for _snputc
    printfa.o(i.__0vsprintf) refers (Special) to iusefp.o(.text) for __I$use$fp
    printfa.o(i.__0vsprintf) refers to printfa.o(i._printf_core) for _printf_core
    printfa.o(i.__0vsprintf) refers to printfa.o(i._sputc) for _sputc
    printfa.o(i._fp_digits) refers (Special) to iusefp.o(.text) for __I$use$fp
    printfa.o(i._fp_digits) refers to dmul.o(.text) for __aeabi_dmul
    printfa.o(i._fp_digits) refers to ddiv.o(.text) for __aeabi_ddiv
    printfa.o(i._fp_digits) refers to cdrcmple.o(.text) for __aeabi_cdrcmple
    printfa.o(i._fp_digits) refers to dadd.o(.text) for __aeabi_dadd
    printfa.o(i._fp_digits) refers to dfixul.o(.text) for __aeabi_d2ulz
    printfa.o(i._fp_digits) refers to uldiv.o(.text) for __aeabi_uldivmod
    printfa.o(i._printf_core) refers (Special) to iusefp.o(.text) for __I$use$fp
    printfa.o(i._printf_core) refers to printfa.o(i._printf_pre_padding) for _printf_pre_padding
    printfa.o(i._printf_core) refers to uldiv.o(.text) for __aeabi_uldivmod
    printfa.o(i._printf_core) refers to printfa.o(i._printf_post_padding) for _printf_post_padding
    printfa.o(i._printf_core) refers to printfa.o(i._fp_digits) for _fp_digits
    printfa.o(i._printf_core) refers to uidiv.o(.text) for __aeabi_uidivmod
    printfa.o(i._printf_post_padding) refers (Special) to iusefp.o(.text) for __I$use$fp
    printfa.o(i._printf_pre_padding) refers (Special) to iusefp.o(.text) for __I$use$fp
    printfa.o(i._snputc) refers (Special) to iusefp.o(.text) for __I$use$fp
    printfa.o(i._sputc) refers (Special) to iusefp.o(.text) for __I$use$fp
    ddiv.o(.text) refers (Special) to iusefp.o(.text) for __I$use$fp
    ddiv.o(.text) refers to depilogue.o(.text) for _double_round
    dfltui.o(.text) refers (Special) to iusefp.o(.text) for __I$use$fp
    dfltui.o(.text) refers to depilogue.o(.text) for _double_epilogue
    entry2.o(.ARM.Collect$$$$00000001) refers to entry2.o(.ARM.Collect$$$$00002712) for __lit__00000000
    entry2.o(.ARM.Collect$$$$00002712) refers to startup_ma35d1_rtp.o(STACK) for __initial_sp
    entry2.o(__vectab_stack_and_reset_area) refers to startup_ma35d1_rtp.o(STACK) for __initial_sp
    entry2.o(__vectab_stack_and_reset_area) refers to entry.o(.ARM.Collect$$$$00000000) for __main
    entry5.o(.ARM.Collect$$$$00000004) refers to init.o(.text) for __scatterload
    entry9a.o(.ARM.Collect$$$$0000000B) refers to main.o(.text) for main
    entry9b.o(.ARM.Collect$$$$0000000C) refers to main.o(.text) for main
    uldiv.o(.text) refers to llushr.o(.text) for __aeabi_llsr
    uldiv.o(.text) refers to llshl.o(.text) for __aeabi_llsl
    depilogue.o(.text) refers to llshl.o(.text) for __aeabi_llsl
    depilogue.o(.text) refers to llushr.o(.text) for __aeabi_llsr
    dadd.o(.text) refers to llshl.o(.text) for __aeabi_llsl
    dadd.o(.text) refers to llsshr.o(.text) for __aeabi_lasr
    dadd.o(.text) refers to depilogue.o(.text) for _double_epilogue
    dmul.o(.text) refers to depilogue.o(.text) for _double_epilogue
    dfixul.o(.text) refers to llushr.o(.text) for __aeabi_llsr
    dfixul.o(.text) refers to llshl.o(.text) for __aeabi_llsl
    init.o(.text) refers to entry5.o(.ARM.Collect$$$$00000004) for __main_after_scatterload


==============================================================================

Removing Unused input sections from the image.

    Removing system_ma35d1_rtp.o(.rev16_text), (4 bytes).
    Removing system_ma35d1_rtp.o(.revsh_text), (4 bytes).
    Removing system_ma35d1_rtp.o(.rrx_text), (6 bytes).
    Removing startup_ma35d1_rtp.o(HEAP), (16384 bytes).
    Removing main.o(.rev16_text), (4 bytes).
    Removing main.o(.revsh_text), (4 bytes).
    Removing main.o(.rrx_text), (6 bytes).
    Removing clk.o(.rev16_text), (4 bytes).
    Removing clk.o(.revsh_text), (4 bytes).
    Removing clk.o(.rrx_text), (6 bytes).
    Removing clk.o(.text), (28 bytes).
    Removing clk.o(.text), (12 bytes).
    Removing clk.o(.text), (48 bytes).
    Removing clk.o(.text), (32 bytes).
    Removing clk.o(.text), (32 bytes).
    Removing clk.o(.text), (24 bytes).
    Removing clk.o(.text), (24 bytes).
    Removing clk.o(.text), (20 bytes).
    Removing clk.o(.text), (144 bytes).
    Removing clk.o(.text), (28 bytes).
    Removing clk.o(.text), (4 bytes).
    Removing clk.o(.text), (10 bytes).
    Removing clk.o(.text), (4 bytes).
    Removing clk.o(.text), (16 bytes).
    Removing clk.o(.text), (2 bytes).
    Removing clk.o(.text), (24 bytes).
    Removing clk.o(.text), (20 bytes).
    Removing clk.o(.text), (20 bytes).
    Removing clk.o(.text), (48 bytes).
    Removing clk.o(.text), (60 bytes).
    Removing clk.o(.text), (10 bytes).
    Removing clk.o(.text), (48 bytes).
    Removing clk.o(.text), (64 bytes).
    Removing clk.o(.text), (104 bytes).
    Removing clk.o(.constdata), (40 bytes).
    Removing gpio.o(.rev16_text), (4 bytes).
    Removing gpio.o(.revsh_text), (4 bytes).
    Removing gpio.o(.rrx_text), (6 bytes).
    Removing gpio.o(.text), (44 bytes).
    Removing gpio.o(.text), (40 bytes).
    Removing gpio.o(.text), (24 bytes).
    Removing gpio.o(.text), (44 bytes).
    Removing gpio.o(.text), (44 bytes).
    Removing retarget.o(.rev16_text), (4 bytes).
    Removing retarget.o(.revsh_text), (4 bytes).
    Removing retarget.o(.rrx_text), (6 bytes).
    Removing retarget.o(.text), (16 bytes).
    Removing retarget.o(.text), (16 bytes).
    Removing retarget.o(.text), (4 bytes).
    Removing retarget.o(.text), (20 bytes).
    Removing retarget.o(.text), (6 bytes).
    Removing retarget.o(.data), (4 bytes).
    Removing sys.o(.rev16_text), (4 bytes).
    Removing sys.o(.revsh_text), (4 bytes).
    Removing sys.o(.rrx_text), (6 bytes).
    Removing sys.o(.text), (28 bytes).
    Removing uart.o(.rev16_text), (4 bytes).
    Removing uart.o(.revsh_text), (4 bytes).
    Removing uart.o(.rrx_text), (6 bytes).
    Removing uart.o(.text), (48 bytes).
    Removing uart.o(.text), (6 bytes).
    Removing uart.o(.text), (10 bytes).
    Removing uart.o(.text), (8 bytes).
    Removing uart.o(.text), (26 bytes).
    Removing uart.o(.text), (8 bytes).
    Removing uart.o(.text), (46 bytes).
    Removing uart.o(.text), (224 bytes).
    Removing uart.o(.text), (20 bytes).
    Removing uart.o(.text), (228 bytes).
    Removing uart.o(.text), (32 bytes).
    Removing uart.o(.text), (46 bytes).
    Removing wwdt.o(.rev16_text), (4 bytes).
    Removing wwdt.o(.revsh_text), (4 bytes).
    Removing wwdt.o(.rrx_text), (6 bytes).
    Removing watchdog.o(.rev16_text), (4 bytes).
    Removing watchdog.o(.revsh_text), (4 bytes).
    Removing watchdog.o(.rrx_text), (6 bytes).
    Removing watchdog.o(.text), (16 bytes).
    Removing dio.o(.rev16_text), (4 bytes).
    Removing dio.o(.revsh_text), (4 bytes).
    Removing dio.o(.rrx_text), (6 bytes).
    Removing dio.o(.text), (272 bytes).
    Removing dio.o(.text), (376 bytes).
    Removing dio.o(.text), (28 bytes).
    Removing dio.o(.text), (28 bytes).

85 unused section(s) (total 19102 bytes) removed from the image.

==============================================================================

Image Symbol Table

    Local Symbols

    Symbol Name                              Value     Ov Type        Size  Object(Section)

    RESET                                    0x00000000   Section      508  startup_ma35d1_rtp.o(RESET)
    ../clib/microlib/division.c              0x00000000   Number         0  uidiv.o ABSOLUTE
    ../clib/microlib/division.c              0x00000000   Number         0  uldiv.o ABSOLUTE
    ../clib/microlib/init/entry.s            0x00000000   Number         0  entry7b.o ABSOLUTE
    ../clib/microlib/init/entry.s            0x00000000   Number         0  entry11b.o ABSOLUTE
    ../clib/microlib/init/entry.s            0x00000000   Number         0  entry8a.o ABSOLUTE
    ../clib/microlib/init/entry.s            0x00000000   Number         0  entry12a.o ABSOLUTE
    ../clib/microlib/init/entry.s            0x00000000   Number         0  entry12b.o ABSOLUTE
    ../clib/microlib/init/entry.s            0x00000000   Number         0  entry2.o ABSOLUTE
    ../clib/microlib/init/entry.s            0x00000000   Number         0  entry8b.o ABSOLUTE
    ../clib/microlib/init/entry.s            0x00000000   Number         0  entry9a.o ABSOLUTE
    ../clib/microlib/init/entry.s            0x00000000   Number         0  entry9b.o ABSOLUTE
    ../clib/microlib/init/entry.s            0x00000000   Number         0  entry10a.o ABSOLUTE
    ../clib/microlib/init/entry.s            0x00000000   Number         0  entry10b.o ABSOLUTE
    ../clib/microlib/init/entry.s            0x00000000   Number         0  entry11a.o ABSOLUTE
    ../clib/microlib/init/entry.s            0x00000000   Number         0  entry7a.o ABSOLUTE
    ../clib/microlib/init/entry.s            0x00000000   Number         0  entry.o ABSOLUTE
    ../clib/microlib/init/entry.s            0x00000000   Number         0  entry5.o ABSOLUTE
    ../clib/microlib/longlong.c              0x00000000   Number         0  llsshr.o ABSOLUTE
    ../clib/microlib/longlong.c              0x00000000   Number         0  llshl.o ABSOLUTE
    ../clib/microlib/longlong.c              0x00000000   Number         0  llushr.o ABSOLUTE
    ../clib/microlib/printf/printf.c         0x00000000   Number         0  printf6.o ABSOLUTE
    ../clib/microlib/printf/printf.c         0x00000000   Number         0  printf7.o ABSOLUTE
    ../clib/microlib/printf/printf.c         0x00000000   Number         0  printf8.o ABSOLUTE
    ../clib/microlib/printf/printf.c         0x00000000   Number         0  printfa.o ABSOLUTE
    ../clib/microlib/printf/printf.c         0x00000000   Number         0  printf2.o ABSOLUTE
    ../clib/microlib/printf/printf.c         0x00000000   Number         0  printf3.o ABSOLUTE
    ../clib/microlib/printf/printf.c         0x00000000   Number         0  printf4.o ABSOLUTE
    ../clib/microlib/printf/printf.c         0x00000000   Number         0  printf5.o ABSOLUTE
    ../clib/microlib/printf/printf.c         0x00000000   Number         0  printfb.o ABSOLUTE
    ../clib/microlib/printf/printf.c         0x00000000   Number         0  printf0.o ABSOLUTE
    ../clib/microlib/printf/printf.c         0x00000000   Number         0  printf1.o ABSOLUTE
    ../clib/microlib/printf/stubs.s          0x00000000   Number         0  stubs.o ABSOLUTE
    ../clib/microlib/string/memcpy.c         0x00000000   Number         0  memcpya.o ABSOLUTE
    ../clib/microlib/string/memcpy.c         0x00000000   Number         0  memcpyb.o ABSOLUTE
    ../clib/microlib/stubs.s                 0x00000000   Number         0  iusefp.o ABSOLUTE
    ../clib/microlib/time/clock.c            0x00000000   Number         0  clock.o ABSOLUTE
    ../fplib/microlib/fpadd.c                0x00000000   Number         0  dadd.o ABSOLUTE
    ../fplib/microlib/fpdiv.c                0x00000000   Number         0  ddiv.o ABSOLUTE
    ../fplib/microlib/fpepilogue.c           0x00000000   Number         0  depilogue.o ABSOLUTE
    ../fplib/microlib/fpfix.c                0x00000000   Number         0  dfixul.o ABSOLUTE
    ../fplib/microlib/fpflt.c                0x00000000   Number         0  dfltui.o ABSOLUTE
    ../fplib/microlib/fpmul.c                0x00000000   Number         0  dmul.o ABSOLUTE
    ..\..\Library\Device\Nuvoton\ma35d1_rtp\Source\ARM\startup_ma35d1_rtp.s 0x00000000   Number         0  startup_ma35d1_rtp.o ABSOLUTE
    ..\..\Library\Device\Nuvoton\ma35d1_rtp\Source\system_ma35d1_rtp.c 0x00000000   Number         0  system_ma35d1_rtp.o ABSOLUTE
    ..\..\Library\StdDriver\src\clk.c        0x00000000   Number         0  clk.o ABSOLUTE
    ..\..\Library\StdDriver\src\gpio.c       0x00000000   Number         0  gpio.o ABSOLUTE
    ..\..\Library\StdDriver\src\retarget.c   0x00000000   Number         0  retarget.o ABSOLUTE
    ..\..\Library\StdDriver\src\sys.c        0x00000000   Number         0  sys.o ABSOLUTE
    ..\..\Library\StdDriver\src\uart.c       0x00000000   Number         0  uart.o ABSOLUTE
    ..\..\Library\StdDriver\src\wwdt.c       0x00000000   Number         0  wwdt.o ABSOLUTE
    ..\\..\\Library\\Device\\Nuvoton\\ma35d1_rtp\\Source\\system_ma35d1_rtp.c 0x00000000   Number         0  system_ma35d1_rtp.o ABSOLUTE
    ..\\..\\Library\\StdDriver\\src\\clk.c   0x00000000   Number         0  clk.o ABSOLUTE
    ..\\..\\Library\\StdDriver\\src\\gpio.c  0x00000000   Number         0  gpio.o ABSOLUTE
    ..\\..\\Library\\StdDriver\\src\\retarget.c 0x00000000   Number         0  retarget.o ABSOLUTE
    ..\\..\\Library\\StdDriver\\src\\sys.c   0x00000000   Number         0  sys.o ABSOLUTE
    ..\\..\\Library\\StdDriver\\src\\uart.c  0x00000000   Number         0  uart.o ABSOLUTE
    ..\\..\\Library\\StdDriver\\src\\wwdt.c  0x00000000   Number         0  wwdt.o ABSOLUTE
    Devices\\dio.c                           0x00000000   Number         0  dio.o ABSOLUTE
    Devices\\watchdog.c                      0x00000000   Number         0  watchdog.o ABSOLUTE
    Devices\dio.c                            0x00000000   Number         0  dio.o ABSOLUTE
    Devices\watchdog.c                       0x00000000   Number         0  watchdog.o ABSOLUTE
    cdrcmple.s                               0x00000000   Number         0  cdrcmple.o ABSOLUTE
    handlers.s                               0x00000000   Number         0  handlers.o ABSOLUTE
    init.s                                   0x00000000   Number         0  init.o ABSOLUTE
    main.c                                   0x00000000   Number         0  main.o ABSOLUTE
    main.c                                   0x00000000   Number         0  main.o ABSOLUTE
    .ARM.Collect$$$$00000000                 0x000001fc   Section        0  entry.o(.ARM.Collect$$$$00000000)
    .ARM.Collect$$$$00000001                 0x000001fc   Section        4  entry2.o(.ARM.Collect$$$$00000001)
    .ARM.Collect$$$$00000004                 0x00000200   Section        4  entry5.o(.ARM.Collect$$$$00000004)
    .ARM.Collect$$$$00000008                 0x00000204   Section        0  entry7b.o(.ARM.Collect$$$$00000008)
    .ARM.Collect$$$$0000000A                 0x00000204   Section        0  entry8b.o(.ARM.Collect$$$$0000000A)
    .ARM.Collect$$$$0000000B                 0x00000204   Section        8  entry9a.o(.ARM.Collect$$$$0000000B)
    .ARM.Collect$$$$0000000E                 0x0000020c   Section        4  entry12b.o(.ARM.Collect$$$$0000000E)
    .ARM.Collect$$$$0000000F                 0x00000210   Section        0  entry10a.o(.ARM.Collect$$$$0000000F)
    .ARM.Collect$$$$00000011                 0x00000210   Section        0  entry11a.o(.ARM.Collect$$$$00000011)
    .ARM.Collect$$$$00002712                 0x00000210   Section        4  entry2.o(.ARM.Collect$$$$00002712)
    __lit__00000000                          0x00000210   Data           4  entry2.o(.ARM.Collect$$$$00002712)
    .emb_text                                0x00000214   Section       28  retarget.o(.emb_text)
    $v0                                      0x00000214   Number         0  retarget.o(.emb_text)
    .text                                    0x00000230   Section        0  system_ma35d1_rtp.o(.text)
    .text                                    0x00000264   Section       36  startup_ma35d1_rtp.o(.text)
    $v0                                      0x00000264   Number         0  startup_ma35d1_rtp.o(.text)
    Default_Handler                          0x0000027f   Thumb Code     2  startup_ma35d1_rtp.o(.text)
    .text                                    0x00000288   Section        0  main.o(.text)
    .text                                    0x000003b4   Section        0  clk.o(.text)
    .text                                    0x00000498   Section        0  retarget.o(.text)
    __tagsym$$used                           0x00000499   Number         0  retarget.o(.text)
    stackDump                                0x000004b5   Thumb Code    72  retarget.o(.text)
    SendChar                                 0x000004fd   Thumb Code    26  retarget.o(.text)
    .text                                    0x00000594   Section        0  uart.o(.text)
    .text                                    0x00000678   Section        0  wwdt.o(.text)
    .text                                    0x00000698   Section        0  watchdog.o(.text)
    .text                                    0x0000076c   Section        0  ddiv.o(.text)
    .text                                    0x0000084a   Section        0  dfltui.o(.text)
    .text                                    0x00000864   Section        0  uidiv.o(.text)
    .text                                    0x00000890   Section        0  uldiv.o(.text)
    .text                                    0x000008f2   Section        0  depilogue.o(.text)
    .text                                    0x000008f2   Section        0  iusefp.o(.text)
    .text                                    0x000009ac   Section        0  dadd.o(.text)
    .text                                    0x00000afa   Section        0  dmul.o(.text)
    .text                                    0x00000bde   Section        0  dfixul.o(.text)
    .text                                    0x00000c10   Section       48  cdrcmple.o(.text)
    .text                                    0x00000c40   Section       36  init.o(.text)
    .text                                    0x00000c64   Section        0  llshl.o(.text)
    .text                                    0x00000c82   Section        0  llushr.o(.text)
    .text                                    0x00000ca2   Section        0  llsshr.o(.text)
    i.__0printf                              0x00000cc8   Section        0  printfa.o(i.__0printf)
    i.__scatterload_copy                     0x00000ce8   Section       14  handlers.o(i.__scatterload_copy)
    i.__scatterload_null                     0x00000cf6   Section        2  handlers.o(i.__scatterload_null)
    i.__scatterload_zeroinit                 0x00000cf8   Section       14  handlers.o(i.__scatterload_zeroinit)
    i._fp_digits                             0x00000d08   Section        0  printfa.o(i._fp_digits)
    _fp_digits                               0x00000d09   Thumb Code   366  printfa.o(i._fp_digits)
    i._printf_core                           0x00000e8c   Section        0  printfa.o(i._printf_core)
    _printf_core                             0x00000e8d   Thumb Code  1704  printfa.o(i._printf_core)
    i._printf_post_padding                   0x00001540   Section        0  printfa.o(i._printf_post_padding)
    _printf_post_padding                     0x00001541   Thumb Code    36  printfa.o(i._printf_post_padding)
    i._printf_pre_padding                    0x00001564   Section        0  printfa.o(i._printf_pre_padding)
    _printf_pre_padding                      0x00001565   Thumb Code    46  printfa.o(i._printf_pre_padding)
    .constdata                               0x00001594   Section       48  uart.o(.constdata)
    .conststring                             0x000015c4   Section       81  watchdog.o(.conststring)
    .data                                    0x00001628   Section        8  system_ma35d1_rtp.o(.data)
    .data                                    0x00001630   Section        4  retarget.o(.data)
    STACK                                    0x00001638   Section    16384  startup_ma35d1_rtp.o(STACK)

    Global Symbols

    Symbol Name                              Value     Ov Type        Size  Object(Section)

    BuildAttributes$$THM_ISAv4$E$P$D$K$B$S$7EM$VFPi3$EXTD16$VFPS$VFMA$PE$A:L22UL41UL21$X:L11$S22US41US21$IEEE1$IW$USESV6$~STKCKD$USESV7$~SHL$OSPACE$ROPI$EBA8$MICROLIB$REQ8$PRES8$EABIv2 0x00000000   Number         0  anon$$obj.o ABSOLUTE
    __ARM_use_no_argv                        0x00000000   Number         0  main.o ABSOLUTE
    __Vectors                                0x00000000   Data           4  startup_ma35d1_rtp.o(RESET)
    _printf_a                                0x00000000   Number         0  stubs.o ABSOLUTE
    _printf_c                                0x00000000   Number         0  stubs.o ABSOLUTE
    _printf_charcount                        0x00000000   Number         0  stubs.o ABSOLUTE
    _printf_d                                0x00000000   Number         0  stubs.o ABSOLUTE
    _printf_e                                0x00000000   Number         0  stubs.o ABSOLUTE
    _printf_f                                0x00000000   Number         0  stubs.o ABSOLUTE
    _printf_flags                            0x00000000   Number         0  stubs.o ABSOLUTE
    _printf_fp_dec                           0x00000000   Number         0  stubs.o ABSOLUTE
    _printf_fp_hex                           0x00000000   Number         0  stubs.o ABSOLUTE
    _printf_g                                0x00000000   Number         0  stubs.o ABSOLUTE
    _printf_i                                0x00000000   Number         0  stubs.o ABSOLUTE
    _printf_int_dec                          0x00000000   Number         0  stubs.o ABSOLUTE
    _printf_l                                0x00000000   Number         0  stubs.o ABSOLUTE
    _printf_lc                               0x00000000   Number         0  stubs.o ABSOLUTE
    _printf_ll                               0x00000000   Number         0  stubs.o ABSOLUTE
    _printf_lld                              0x00000000   Number         0  stubs.o ABSOLUTE
    _printf_lli                              0x00000000   Number         0  stubs.o ABSOLUTE
    _printf_llo                              0x00000000   Number         0  stubs.o ABSOLUTE
    _printf_llu                              0x00000000   Number         0  stubs.o ABSOLUTE
    _printf_llx                              0x00000000   Number         0  stubs.o ABSOLUTE
    _printf_longlong_dec                     0x00000000   Number         0  stubs.o ABSOLUTE
    _printf_longlong_hex                     0x00000000   Number         0  stubs.o ABSOLUTE
    _printf_longlong_oct                     0x00000000   Number         0  stubs.o ABSOLUTE
    _printf_ls                               0x00000000   Number         0  stubs.o ABSOLUTE
    _printf_mbtowc                           0x00000000   Number         0  stubs.o ABSOLUTE
    _printf_n                                0x00000000   Number         0  stubs.o ABSOLUTE
    _printf_o                                0x00000000   Number         0  stubs.o ABSOLUTE
    _printf_p                                0x00000000   Number         0  stubs.o ABSOLUTE
    _printf_percent                          0x00000000   Number         0  stubs.o ABSOLUTE
    _printf_pre_padding                      0x00000000   Number         0  stubs.o ABSOLUTE
    _printf_return_value                     0x00000000   Number         0  stubs.o ABSOLUTE
    _printf_s                                0x00000000   Number         0  stubs.o ABSOLUTE
    _printf_sizespec                         0x00000000   Number         0  stubs.o ABSOLUTE
    _printf_str                              0x00000000   Number         0  stubs.o ABSOLUTE
    _printf_truncate_signed                  0x00000000   Number         0  stubs.o ABSOLUTE
    _printf_truncate_unsigned                0x00000000   Number         0  stubs.o ABSOLUTE
    _printf_u                                0x00000000   Number         0  stubs.o ABSOLUTE
    _printf_wc                               0x00000000   Number         0  stubs.o ABSOLUTE
    _printf_wctomb                           0x00000000   Number         0  stubs.o ABSOLUTE
    _printf_widthprec                        0x00000000   Number         0  stubs.o ABSOLUTE
    _printf_x                                0x00000000   Number         0  stubs.o ABSOLUTE
    __arm_fini_                               - Undefined Weak Reference
    __cpp_initialize__aeabi_                  - Undefined Weak Reference
    __cxa_finalize                            - Undefined Weak Reference
    __decompress                              - Undefined Weak Reference
    _clock_init                               - Undefined Weak Reference
    _microlib_exit                            - Undefined Weak Reference
    __Vectors_End                            0x000001fc   Data           0  startup_ma35d1_rtp.o(RESET)
    __Vectors_Size                           0x000001fc   Number         0  startup_ma35d1_rtp.o ABSOLUTE
    __main                                   0x000001fd   Thumb Code     0  entry.o(.ARM.Collect$$$$00000000)
    _main_stk                                0x000001fd   Thumb Code     0  entry2.o(.ARM.Collect$$$$00000001)
    _main_scatterload                        0x00000201   Thumb Code     0  entry5.o(.ARM.Collect$$$$00000004)
    __main_after_scatterload                 0x00000205   Thumb Code     0  entry5.o(.ARM.Collect$$$$00000004)
    _main_clock                              0x00000205   Thumb Code     0  entry7b.o(.ARM.Collect$$$$00000008)
    _main_cpp_init                           0x00000205   Thumb Code     0  entry8b.o(.ARM.Collect$$$$0000000A)
    _main_init                               0x00000205   Thumb Code     0  entry9a.o(.ARM.Collect$$$$0000000B)
    __rt_lib_shutdown_fini                   0x0000020d   Thumb Code     0  entry12b.o(.ARM.Collect$$$$0000000E)
    __rt_final_cpp                           0x00000211   Thumb Code     0  entry10a.o(.ARM.Collect$$$$0000000F)
    __rt_final_exit                          0x00000211   Thumb Code     0  entry11a.o(.ARM.Collect$$$$00000011)
    HardFault_Handler                        0x00000215   Thumb Code    24  retarget.o(.emb_text)
    SystemCoreClockUpdate                    0x00000231   Thumb Code    18  system_ma35d1_rtp.o(.text)
    SystemInit                               0x00000243   Thumb Code    12  system_ma35d1_rtp.o(.text)
    Reset_Handler                            0x00000265   Thumb Code     8  startup_ma35d1_rtp.o(.text)
    NMI_Handler                              0x0000026d   Thumb Code     2  startup_ma35d1_rtp.o(.text)
    MemManage_Handler                        0x00000271   Thumb Code     2  startup_ma35d1_rtp.o(.text)
    BusFault_Handler                         0x00000273   Thumb Code     2  startup_ma35d1_rtp.o(.text)
    UsageFault_Handler                       0x00000275   Thumb Code     2  startup_ma35d1_rtp.o(.text)
    SVC_Handler                              0x00000277   Thumb Code     2  startup_ma35d1_rtp.o(.text)
    DebugMon_Handler                         0x00000279   Thumb Code     2  startup_ma35d1_rtp.o(.text)
    PendSV_Handler                           0x0000027b   Thumb Code     2  startup_ma35d1_rtp.o(.text)
    SysTick_Handler                          0x0000027d   Thumb Code     2  startup_ma35d1_rtp.o(.text)
    ADC0_IRQHandler                          0x0000027f   Thumb Code     0  startup_ma35d1_rtp.o(.text)
    BRAKE0_IRQHandler                        0x0000027f   Thumb Code     0  startup_ma35d1_rtp.o(.text)
    BRAKE1_IRQHandler                        0x0000027f   Thumb Code     0  startup_ma35d1_rtp.o(.text)
    BRAKE2_IRQHandler                        0x0000027f   Thumb Code     0  startup_ma35d1_rtp.o(.text)
    CANFD00_IRQHandler                       0x0000027f   Thumb Code     0  startup_ma35d1_rtp.o(.text)
    CANFD01_IRQHandler                       0x0000027f   Thumb Code     0  startup_ma35d1_rtp.o(.text)
    CANFD10_IRQHandler                       0x0000027f   Thumb Code     0  startup_ma35d1_rtp.o(.text)
    CANFD11_IRQHandler                       0x0000027f   Thumb Code     0  startup_ma35d1_rtp.o(.text)
    CANFD20_IRQHandler                       0x0000027f   Thumb Code     0  startup_ma35d1_rtp.o(.text)
    CANFD21_IRQHandler                       0x0000027f   Thumb Code     0  startup_ma35d1_rtp.o(.text)
    CANFD30_IRQHandler                       0x0000027f   Thumb Code     0  startup_ma35d1_rtp.o(.text)
    CANFD31_IRQHandler                       0x0000027f   Thumb Code     0  startup_ma35d1_rtp.o(.text)
    CKFAIL_IRQHandler                        0x0000027f   Thumb Code     0  startup_ma35d1_rtp.o(.text)
    EADC00_IRQHandler                        0x0000027f   Thumb Code     0  startup_ma35d1_rtp.o(.text)
    EADC01_IRQHandler                        0x0000027f   Thumb Code     0  startup_ma35d1_rtp.o(.text)
    EADC02_IRQHandler                        0x0000027f   Thumb Code     0  startup_ma35d1_rtp.o(.text)
    EADC03_IRQHandler                        0x0000027f   Thumb Code     0  startup_ma35d1_rtp.o(.text)
    ECAP0_IRQHandler                         0x0000027f   Thumb Code     0  startup_ma35d1_rtp.o(.text)
    ECAP1_IRQHandler                         0x0000027f   Thumb Code     0  startup_ma35d1_rtp.o(.text)
    ECAP2_IRQHandler                         0x0000027f   Thumb Code     0  startup_ma35d1_rtp.o(.text)
    EINT0_IRQHandler                         0x0000027f   Thumb Code     0  startup_ma35d1_rtp.o(.text)
    EINT1_IRQHandler                         0x0000027f   Thumb Code     0  startup_ma35d1_rtp.o(.text)
    EINT2_IRQHandler                         0x0000027f   Thumb Code     0  startup_ma35d1_rtp.o(.text)
    EINT3_IRQHandler                         0x0000027f   Thumb Code     0  startup_ma35d1_rtp.o(.text)
    EPWM0P0_IRQHandler                       0x0000027f   Thumb Code     0  startup_ma35d1_rtp.o(.text)
    EPWM0P1_IRQHandler                       0x0000027f   Thumb Code     0  startup_ma35d1_rtp.o(.text)
    EPWM0P2_IRQHandler                       0x0000027f   Thumb Code     0  startup_ma35d1_rtp.o(.text)
    EPWM1P0_IRQHandler                       0x0000027f   Thumb Code     0  startup_ma35d1_rtp.o(.text)
    EPWM1P1_IRQHandler                       0x0000027f   Thumb Code     0  startup_ma35d1_rtp.o(.text)
    EPWM1P2_IRQHandler                       0x0000027f   Thumb Code     0  startup_ma35d1_rtp.o(.text)
    EPWM2P0_IRQHandle                        0x0000027f   Thumb Code     0  startup_ma35d1_rtp.o(.text)
    EPWM2P1_IRQHandle                        0x0000027f   Thumb Code     0  startup_ma35d1_rtp.o(.text)
    EPWM2P2_IRQHandle                        0x0000027f   Thumb Code     0  startup_ma35d1_rtp.o(.text)
    GPA_IRQHandler                           0x0000027f   Thumb Code     0  startup_ma35d1_rtp.o(.text)
    GPB_IRQHandler                           0x0000027f   Thumb Code     0  startup_ma35d1_rtp.o(.text)
    GPC_IRQHandler                           0x0000027f   Thumb Code     0  startup_ma35d1_rtp.o(.text)
    GPD_IRQHandler                           0x0000027f   Thumb Code     0  startup_ma35d1_rtp.o(.text)
    GPE_IRQHandler                           0x0000027f   Thumb Code     0  startup_ma35d1_rtp.o(.text)
    GPF_IRQHandler                           0x0000027f   Thumb Code     0  startup_ma35d1_rtp.o(.text)
    GPG_IRQHandler                           0x0000027f   Thumb Code     0  startup_ma35d1_rtp.o(.text)
    GPH_IRQHandler                           0x0000027f   Thumb Code     0  startup_ma35d1_rtp.o(.text)
    GPI_IRQHandler                           0x0000027f   Thumb Code     0  startup_ma35d1_rtp.o(.text)
    GPJ_IRQHandler                           0x0000027f   Thumb Code     0  startup_ma35d1_rtp.o(.text)
    GPK_IRQHandler                           0x0000027f   Thumb Code     0  startup_ma35d1_rtp.o(.text)
    GPL_IRQHandler                           0x0000027f   Thumb Code     0  startup_ma35d1_rtp.o(.text)
    GPM_IRQHandler                           0x0000027f   Thumb Code     0  startup_ma35d1_rtp.o(.text)
    GPN_IRQHandler                           0x0000027f   Thumb Code     0  startup_ma35d1_rtp.o(.text)
    HWSEM0_IRQHandler                        0x0000027f   Thumb Code     0  startup_ma35d1_rtp.o(.text)
    I2C1_IRQHandler                          0x0000027f   Thumb Code     0  startup_ma35d1_rtp.o(.text)
    I2C2_IRQHandler                          0x0000027f   Thumb Code     0  startup_ma35d1_rtp.o(.text)
    I2C3_IRQHandler                          0x0000027f   Thumb Code     0  startup_ma35d1_rtp.o(.text)
    I2C4_IRQHandler                          0x0000027f   Thumb Code     0  startup_ma35d1_rtp.o(.text)
    I2C5_IRQHandler                          0x0000027f   Thumb Code     0  startup_ma35d1_rtp.o(.text)
    I2S0_IRQHandler                          0x0000027f   Thumb Code     0  startup_ma35d1_rtp.o(.text)
    I2S1_IRQHandler                          0x0000027f   Thumb Code     0  startup_ma35d1_rtp.o(.text)
    KPI_IRQHandler                           0x0000027f   Thumb Code     0  startup_ma35d1_rtp.o(.text)
    LVD_IRQHandler                           0x0000027f   Thumb Code     0  startup_ma35d1_rtp.o(.text)
    PDMA2_IRQHandler                         0x0000027f   Thumb Code     0  startup_ma35d1_rtp.o(.text)
    PDMA3_IRQHandler                         0x0000027f   Thumb Code     0  startup_ma35d1_rtp.o(.text)
    PWRWU_IRQHandler                         0x0000027f   Thumb Code     0  startup_ma35d1_rtp.o(.text)
    QEI0_IRQHandler                          0x0000027f   Thumb Code     0  startup_ma35d1_rtp.o(.text)
    QEI1_IRQHandler                          0x0000027f   Thumb Code     0  startup_ma35d1_rtp.o(.text)
    QEI2_IRQHandler                          0x0000027f   Thumb Code     0  startup_ma35d1_rtp.o(.text)
    QSPI1_IRQHandler                         0x0000027f   Thumb Code     0  startup_ma35d1_rtp.o(.text)
    RTC_IRQHandler                           0x0000027f   Thumb Code     0  startup_ma35d1_rtp.o(.text)
    SC0_IRQHandler                           0x0000027f   Thumb Code     0  startup_ma35d1_rtp.o(.text)
    SC1_IRQHandler                           0x0000027f   Thumb Code     0  startup_ma35d1_rtp.o(.text)
    SPI0_IRQHandler                          0x0000027f   Thumb Code     0  startup_ma35d1_rtp.o(.text)
    SPI1_IRQHandler                          0x0000027f   Thumb Code     0  startup_ma35d1_rtp.o(.text)
    SPI2_IRQHandler                          0x0000027f   Thumb Code     0  startup_ma35d1_rtp.o(.text)
    SPI3_IRQHandler                          0x0000027f   Thumb Code     0  startup_ma35d1_rtp.o(.text)
    TAMPER_IRQHandler                        0x0000027f   Thumb Code     0  startup_ma35d1_rtp.o(.text)
    TMR10_IRQHandler                         0x0000027f   Thumb Code     0  startup_ma35d1_rtp.o(.text)
    TMR11_IRQHandler                         0x0000027f   Thumb Code     0  startup_ma35d1_rtp.o(.text)
    TMR2_IRQHandler                          0x0000027f   Thumb Code     0  startup_ma35d1_rtp.o(.text)
    TMR3_IRQHandler                          0x0000027f   Thumb Code     0  startup_ma35d1_rtp.o(.text)
    TMR4_IRQHandler                          0x0000027f   Thumb Code     0  startup_ma35d1_rtp.o(.text)
    TMR5_IRQHandler                          0x0000027f   Thumb Code     0  startup_ma35d1_rtp.o(.text)
    TMR6_IRQHandler                          0x0000027f   Thumb Code     0  startup_ma35d1_rtp.o(.text)
    TMR7_IRQHandler                          0x0000027f   Thumb Code     0  startup_ma35d1_rtp.o(.text)
    TMR8_IRQHandler                          0x0000027f   Thumb Code     0  startup_ma35d1_rtp.o(.text)
    TMR9_IRQHandler                          0x0000027f   Thumb Code     0  startup_ma35d1_rtp.o(.text)
    UART10_IRQHandler                        0x0000027f   Thumb Code     0  startup_ma35d1_rtp.o(.text)
    UART11_IRQHandler                        0x0000027f   Thumb Code     0  startup_ma35d1_rtp.o(.text)
    UART12_IRQHandler                        0x0000027f   Thumb Code     0  startup_ma35d1_rtp.o(.text)
    UART13_IRQHandler                        0x0000027f   Thumb Code     0  startup_ma35d1_rtp.o(.text)
    UART14_IRQHandler                        0x0000027f   Thumb Code     0  startup_ma35d1_rtp.o(.text)
    UART15_IRQHandler                        0x0000027f   Thumb Code     0  startup_ma35d1_rtp.o(.text)
    UART16_IRQHandler                        0x0000027f   Thumb Code     0  startup_ma35d1_rtp.o(.text)
    UART1_IRQHandler                         0x0000027f   Thumb Code     0  startup_ma35d1_rtp.o(.text)
    UART2_IRQHandler                         0x0000027f   Thumb Code     0  startup_ma35d1_rtp.o(.text)
    UART3_IRQHandler                         0x0000027f   Thumb Code     0  startup_ma35d1_rtp.o(.text)
    UART4_IRQHandler                         0x0000027f   Thumb Code     0  startup_ma35d1_rtp.o(.text)
    UART5_IRQHandler                         0x0000027f   Thumb Code     0  startup_ma35d1_rtp.o(.text)
    UART6_IRQHandler                         0x0000027f   Thumb Code     0  startup_ma35d1_rtp.o(.text)
    UART7_IRQHandler                         0x0000027f   Thumb Code     0  startup_ma35d1_rtp.o(.text)
    UART8_IRQHandler                         0x0000027f   Thumb Code     0  startup_ma35d1_rtp.o(.text)
    UART9_IRQHandler                         0x0000027f   Thumb Code     0  startup_ma35d1_rtp.o(.text)
    WDT2_IRQHandler                          0x0000027f   Thumb Code     0  startup_ma35d1_rtp.o(.text)
    WHC0_IRQHandler                          0x0000027f   Thumb Code     0  startup_ma35d1_rtp.o(.text)
    UART16_Init                              0x00000289   Thumb Code    90  main.o(.text)
    main                                     0x000002e3   Thumb Code    80  main.o(.text)
    CLK_SetModuleClock                       0x000003b5   Thumb Code   160  clk.o(.text)
    CLK_EnableModuleClock                    0x00000455   Thumb Code    26  clk.o(.text)
    CLK_GetSYSCLK1Freq                       0x0000046f   Thumb Code    18  clk.o(.text)
    Hard_Fault_Handler                       0x00000499   Thumb Code    16  retarget.o(.text)
    fputc                                    0x000004a9   Thumb Code    12  retarget.o(.text)
    UART_Open                                0x00000595   Thumb Code   212  uart.o(.text)
    WWDT_Open                                0x00000679   Thumb Code    28  wwdt.o(.text)
    WWDT2_IRQHandler                         0x00000699   Thumb Code    32  watchdog.o(.text)
    WWDT_init                                0x000006b9   Thumb Code   108  watchdog.o(.text)
    __aeabi_ddiv                             0x0000076d   Thumb Code   222  ddiv.o(.text)
    __aeabi_ui2d                             0x0000084b   Thumb Code    26  dfltui.o(.text)
    __aeabi_uidiv                            0x00000865   Thumb Code     0  uidiv.o(.text)
    __aeabi_uidivmod                         0x00000865   Thumb Code    44  uidiv.o(.text)
    __aeabi_uldivmod                         0x00000891   Thumb Code    98  uldiv.o(.text)
    __I$use$fp                               0x000008f3   Thumb Code     0  iusefp.o(.text)
    _double_round                            0x000008f3   Thumb Code    30  depilogue.o(.text)
    _double_epilogue                         0x00000911   Thumb Code   156  depilogue.o(.text)
    __aeabi_dadd                             0x000009ad   Thumb Code   322  dadd.o(.text)
    __aeabi_dsub                             0x00000aef   Thumb Code     6  dadd.o(.text)
    __aeabi_drsub                            0x00000af5   Thumb Code     6  dadd.o(.text)
    __aeabi_dmul                             0x00000afb   Thumb Code   228  dmul.o(.text)
    __aeabi_d2ulz                            0x00000bdf   Thumb Code    48  dfixul.o(.text)
    __aeabi_cdrcmple                         0x00000c11   Thumb Code    48  cdrcmple.o(.text)
    __scatterload                            0x00000c41   Thumb Code    28  init.o(.text)
    __scatterload_rt2                        0x00000c41   Thumb Code     0  init.o(.text)
    __aeabi_llsl                             0x00000c65   Thumb Code    30  llshl.o(.text)
    _ll_shift_l                              0x00000c65   Thumb Code     0  llshl.o(.text)
    __aeabi_llsr                             0x00000c83   Thumb Code    32  llushr.o(.text)
    _ll_ushift_r                             0x00000c83   Thumb Code     0  llushr.o(.text)
    __aeabi_lasr                             0x00000ca3   Thumb Code    36  llsshr.o(.text)
    _ll_sshift_r                             0x00000ca3   Thumb Code     0  llsshr.o(.text)
    __0printf                                0x00000cc9   Thumb Code    22  printfa.o(i.__0printf)
    __1printf                                0x00000cc9   Thumb Code     0  printfa.o(i.__0printf)
    __2printf                                0x00000cc9   Thumb Code     0  printfa.o(i.__0printf)
    __c89printf                              0x00000cc9   Thumb Code     0  printfa.o(i.__0printf)
    printf                                   0x00000cc9   Thumb Code     0  printfa.o(i.__0printf)
    __scatterload_copy                       0x00000ce9   Thumb Code    14  handlers.o(i.__scatterload_copy)
    __scatterload_null                       0x00000cf7   Thumb Code     2  handlers.o(i.__scatterload_null)
    __scatterload_zeroinit                   0x00000cf9   Thumb Code    14  handlers.o(i.__scatterload_zeroinit)
    Region$$Table$$Base                      0x00001618   Number         0  anon$$obj.o(Region$$Table)
    Region$$Table$$Limit                     0x00001628   Number         0  anon$$obj.o(Region$$Table)
    SystemCoreClock                          0x00001628   Data           4  system_ma35d1_rtp.o(.data)
    CyclesPerUs                              0x0000162c   Data           4  system_ma35d1_rtp.o(.data)
    __stdout                                 0x00001630   Data           4  retarget.o(.data)
    __initial_sp                             0x00005638   Data           0  startup_ma35d1_rtp.o(STACK)



==============================================================================

Memory Map of the image

  Image Entry point : 0x00000265

  Load Region LR_1 (Base: 0x00000000, Size: 0x00001634, Max: 0xffffffff, ABSOLUTE)

    Execution Region ER_RO (Exec base: 0x00000000, Load base: 0x00000000, Size: 0x00001628, Max: 0xffffffff, ABSOLUTE)

    Exec Addr    Load Addr    Size         Type   Attr      Idx    E Section Name        Object

    0x00000000   0x00000000   0x000001fc   Data   RO          212    RESET               startup_ma35d1_rtp.o
    0x000001fc   0x000001fc   0x00000000   Code   RO          781  * .ARM.Collect$$$$00000000  mc_w.l(entry.o)
    0x000001fc   0x000001fc   0x00000004   Code   RO         1053    .ARM.Collect$$$$00000001  mc_w.l(entry2.o)
    0x00000200   0x00000200   0x00000004   Code   RO         1056    .ARM.Collect$$$$00000004  mc_w.l(entry5.o)
    0x00000204   0x00000204   0x00000000   Code   RO         1058    .ARM.Collect$$$$00000008  mc_w.l(entry7b.o)
    0x00000204   0x00000204   0x00000000   Code   RO         1060    .ARM.Collect$$$$0000000A  mc_w.l(entry8b.o)
    0x00000204   0x00000204   0x00000008   Code   RO         1061    .ARM.Collect$$$$0000000B  mc_w.l(entry9a.o)
    0x0000020c   0x0000020c   0x00000004   Code   RO         1068    .ARM.Collect$$$$0000000E  mc_w.l(entry12b.o)
    0x00000210   0x00000210   0x00000000   Code   RO         1063    .ARM.Collect$$$$0000000F  mc_w.l(entry10a.o)
    0x00000210   0x00000210   0x00000000   Code   RO         1065    .ARM.Collect$$$$00000011  mc_w.l(entry11a.o)
    0x00000210   0x00000210   0x00000004   Code   RO         1054    .ARM.Collect$$$$00002712  mc_w.l(entry2.o)
    0x00000214   0x00000214   0x0000001c   Code   RO          487    .emb_text           retarget.o
    0x00000230   0x00000230   0x00000034   Code   RO            4    .text               system_ma35d1_rtp.o
    0x00000264   0x00000264   0x00000024   Code   RO          213  * .text               startup_ma35d1_rtp.o
    0x00000288   0x00000288   0x0000012c   Code   RO          220    .text               main.o
    0x000003b4   0x000003b4   0x000000e4   Code   RO          273    .text               clk.o
    0x00000498   0x00000498   0x000000fc   Code   RO          488    .text               retarget.o
    0x00000594   0x00000594   0x000000e4   Code   RO          583    .text               uart.o
    0x00000678   0x00000678   0x00000020   Code   RO          674    .text               wwdt.o
    0x00000698   0x00000698   0x000000d4   Code   RO          699    .text               watchdog.o
    0x0000076c   0x0000076c   0x000000de   Code   RO         1049    .text               mf_w.l(ddiv.o)
    0x0000084a   0x0000084a   0x0000001a   Code   RO         1051    .text               mf_w.l(dfltui.o)
    0x00000864   0x00000864   0x0000002c   Code   RO         1069    .text               mc_w.l(uidiv.o)
    0x00000890   0x00000890   0x00000062   Code   RO         1071    .text               mc_w.l(uldiv.o)
    0x000008f2   0x000008f2   0x00000000   Code   RO         1073    .text               mc_w.l(iusefp.o)
    0x000008f2   0x000008f2   0x000000ba   Code   RO         1074    .text               mf_w.l(depilogue.o)
    0x000009ac   0x000009ac   0x0000014e   Code   RO         1076    .text               mf_w.l(dadd.o)
    0x00000afa   0x00000afa   0x000000e4   Code   RO         1078    .text               mf_w.l(dmul.o)
    0x00000bde   0x00000bde   0x00000030   Code   RO         1080    .text               mf_w.l(dfixul.o)
    0x00000c0e   0x00000c0e   0x00000002   PAD
    0x00000c10   0x00000c10   0x00000030   Code   RO         1082    .text               mf_w.l(cdrcmple.o)
    0x00000c40   0x00000c40   0x00000024   Code   RO         1084    .text               mc_w.l(init.o)
    0x00000c64   0x00000c64   0x0000001e   Code   RO         1086    .text               mc_w.l(llshl.o)
    0x00000c82   0x00000c82   0x00000020   Code   RO         1088    .text               mc_w.l(llushr.o)
    0x00000ca2   0x00000ca2   0x00000024   Code   RO         1090    .text               mc_w.l(llsshr.o)
    0x00000cc6   0x00000cc6   0x00000002   PAD
    0x00000cc8   0x00000cc8   0x00000020   Code   RO         1021    i.__0printf         mc_w.l(printfa.o)
    0x00000ce8   0x00000ce8   0x0000000e   Code   RO         1094    i.__scatterload_copy  mc_w.l(handlers.o)
    0x00000cf6   0x00000cf6   0x00000002   Code   RO         1095    i.__scatterload_null  mc_w.l(handlers.o)
    0x00000cf8   0x00000cf8   0x0000000e   Code   RO         1096    i.__scatterload_zeroinit  mc_w.l(handlers.o)
    0x00000d06   0x00000d06   0x00000002   PAD
    0x00000d08   0x00000d08   0x00000184   Code   RO         1028    i._fp_digits        mc_w.l(printfa.o)
    0x00000e8c   0x00000e8c   0x000006b4   Code   RO         1029    i._printf_core      mc_w.l(printfa.o)
    0x00001540   0x00001540   0x00000024   Code   RO         1030    i._printf_post_padding  mc_w.l(printfa.o)
    0x00001564   0x00001564   0x0000002e   Code   RO         1031    i._printf_pre_padding  mc_w.l(printfa.o)
    0x00001592   0x00001592   0x00000002   PAD
    0x00001594   0x00001594   0x00000030   Data   RO          590    .constdata          uart.o
    0x000015c4   0x000015c4   0x00000051   Data   RO          700    .conststring        watchdog.o
    0x00001615   0x00001615   0x00000003   PAD
    0x00001618   0x00001618   0x00000010   Data   RO         1092    Region$$Table       anon$$obj.o


    Execution Region ER_RW (Exec base: 0x00001628, Load base: 0x00001628, Size: 0x0000000c, Max: 0xffffffff, ABSOLUTE)

    Exec Addr    Load Addr    Size         Type   Attr      Idx    E Section Name        Object

    0x00001628   0x00001628   0x00000008   Data   RW            5    .data               system_ma35d1_rtp.o
    0x00001630   0x00001630   0x00000004   Data   RW          494    .data               retarget.o


    Execution Region ER_ZI (Exec base: 0x00001634, Load base: 0x00001634, Size: 0x00004004, Max: 0xffffffff, ABSOLUTE)

    Exec Addr    Load Addr    Size         Type   Attr      Idx    E Section Name        Object

    0x00001634   0x00001634   0x00000004   PAD
    0x00001638        -       0x00004000   Zero   RW          210    STACK               startup_ma35d1_rtp.o


==============================================================================

Image component sizes


      Code (inc. data)   RO Data    RW Data    ZI Data      Debug   Object Name

       228         24          0          0          0       2000   clk.o
       300        130          0          0          0     123851   main.o
       280        130          0          4          0       3617   retarget.o
        36          8        508          0      16384        900   startup_ma35d1_rtp.o
        52         22          0          8          0      16317   system_ma35d1_rtp.o
       228         16         48          0          0       1384   uart.o
       212         72         81          0          0      27786   watchdog.o
        32          4          0          0          0        612   wwdt.o

    ----------------------------------------------------------------------
      1368        406        656         12      16388     176467   Object Totals
         0          0         16          0          0          0   (incl. Generated)
         0          0          3          0          4          0   (incl. Padding)

    ----------------------------------------------------------------------

      Code (inc. data)   RO Data    RW Data    ZI Data      Debug   Library Member Name

         0          0          0          0          0          0   entry.o
         0          0          0          0          0          0   entry10a.o
         0          0          0          0          0          0   entry11a.o
         4          0          0          0          0          0   entry12b.o
         8          4          0          0          0          0   entry2.o
         4          0          0          0          0          0   entry5.o
         0          0          0          0          0          0   entry7b.o
         0          0          0          0          0          0   entry8b.o
         8          4          0          0          0          0   entry9a.o
        30          0          0          0          0          0   handlers.o
        36          8          0          0          0         68   init.o
         0          0          0          0          0          0   iusefp.o
        30          0          0          0          0         68   llshl.o
        36          0          0          0          0         68   llsshr.o
        32          0          0          0          0         68   llushr.o
      2218         90          0          0          0        464   printfa.o
        44          0          0          0          0         80   uidiv.o
        98          0          0          0          0         92   uldiv.o
        48          0          0          0          0         68   cdrcmple.o
       334          0          0          0          0        148   dadd.o
       222          0          0          0          0        100   ddiv.o
       186          0          0          0          0        176   depilogue.o
        48          0          0          0          0         68   dfixul.o
        26          0          0          0          0         76   dfltui.o
       228          0          0          0          0         96   dmul.o

    ----------------------------------------------------------------------
      3648        106          0          0          0       1640   Library Totals
         8          0          0          0          0          0   (incl. Padding)

    ----------------------------------------------------------------------

      Code (inc. data)   RO Data    RW Data    ZI Data      Debug   Library Name

      2548        106          0          0          0        908   mc_w.l
      1092          0          0          0          0        732   mf_w.l

    ----------------------------------------------------------------------
      3648        106          0          0          0       1640   Library Totals

    ----------------------------------------------------------------------

==============================================================================


      Code (inc. data)   RO Data    RW Data    ZI Data      Debug   

      5016        512        656         12      16388     176879   Grand Totals
      5016        512        656         12      16388     176879   ELF Image Totals
      5016        512        656         12          0          0   ROM Totals

==============================================================================

    Total RO  Size (Code + RO Data)                 5672 (   5.54kB)
    Total RW  Size (RW Data + ZI Data)             16400 (  16.02kB)
    Total ROM Size (Code + RO Data + RW Data)       5684 (   5.55kB)

==============================================================================

