<html>
<body>
<pre>
<h1>µVision Build Log</h1>
<h2>Tool Versions:</h2>
IDE-Version: ¦ÌVision V5.38.0.0
Copyright (C) 2022 ARM Ltd and ARM Germany GmbH. All rights reserved.
License Information: zhang kai, starcharge, LIC=----
 
Tool Versions:
Toolchain:       MDK-Lite  Version: 5.38.0.0
Toolchain Path:  E:\Keil_v5\ARM\ARM_Compiler_5.06u7\Bin
C Compiler:      Armcc.exe V5.06 update 7 (build 960)
Assembler:       Armasm.exe V5.06 update 7 (build 960)
Linker/Locator:  ArmLink.exe V5.06 update 7 (build 960)
Library Manager: ArmAr.exe V5.06 update 7 (build 960)
Hex Converter:   FromElf.exe V5.06 update 7 (build 960)
CPU DLL:         SARMCM3.DLL V5.38.0.0
Dialog DLL:      DCM.DLL V1.17.5.0
Target DLL:      CMSIS_AGDI.dll V1.33.15.0
Dialog DLL:      TCM.DLL V1.56.4.0
 
<h2>Project:</h2>
D:\Keil Projects\Nuvoton_Test\M4_driver\M4_Drivers.uvproj
Project File Date:  08/31/2023

<h2>Output:</h2>
*** Using Compiler 'V5.06 update 7 (build 960)', folder: 'E:\Keil_v5\ARM\ARM_Compiler_5.06u7\Bin'
Build target 'M4_Drivers'
Clean started - Project: 'M4_Drivers'
   deleting intermediate output files for target 'M4_Drivers'
Clean done
creating preprocessor file for system_ma35d1_rtp.c...
compiling system_ma35d1_rtp.c...
assembling startup_ma35d1_rtp.s...
creating preprocessor file for main.c...
compiling main.c...
creating preprocessor file for clk.c...
compiling clk.c...
creating preprocessor file for gpio.c...
compiling gpio.c...
creating preprocessor file for retarget.c...
compiling retarget.c...
creating preprocessor file for sys.c...
compiling sys.c...
creating preprocessor file for uart.c...
compiling uart.c...
creating preprocessor file for wwdt.c...
compiling wwdt.c...
creating preprocessor file for watchdog.c...
compiling watchdog.c...
creating preprocessor file for dio.c...
compiling dio.c...
linking...
Program Size: Code=6484 RO-data=696 RW-data=12 ZI-data=16384  
".\obj\M4_Drivers.axf" - 0 Error(s), 0 Warning(s).

*** Performing Cross-Module-Optimization:
compiling system_ma35d1_rtp.c...
compiling main.c...
compiling clk.c...
compiling gpio.c...
compiling retarget.c...
compiling sys.c...
compiling uart.c...
compiling wwdt.c...
compiling watchdog.c...
compiling dio.c...
linking...
Program Size: Code=5016 RO-data=656 RW-data=12 ZI-data=16388  
compiling system_ma35d1_rtp.c...
compiling main.c...
compiling clk.c...
compiling gpio.c...
compiling retarget.c...
compiling sys.c...
compiling uart.c...
compiling wwdt.c...
compiling watchdog.c...
compiling dio.c...
linking...
Program Size: Code=5016 RO-data=656 RW-data=12 ZI-data=16388  
After Build - User command #1: fromelf --bin ".\obj\M4_Drivers.axf" --output ".\obj\M4_Drivers.bin"
After Build - User command #2: fromelf --text -c ".\obj\M4_Drivers.axf" --output ".\obj\M4_Drivers.txt"
".\obj\M4_Drivers.axf" - 0 Error(s), 0 Warning(s).
*** Completed Cross-Module-Optimization after 3 iteration(s).
Build Time Elapsed:  00:00:28
</pre>
</body>
</html>
