<!doctype html public "-//w3c//dtd html 4.0 transitional//en">
<html><head>
<title>Static Call Graph - [.\obj\M4_Drivers.axf]</title></head>
<body><HR>
<H1>Static Call Graph for image .\obj\M4_Drivers.axf</H1><HR>
<BR><P>#&#060CALLGRAPH&#062# ARM Linker, 5060960: Last Updated: Mon Sep 04 10:29:33 2023
<BR><P>
<H3>Maximum Stack Usage =         56 bytes + Unknown(Cycles, Untraceable Function Pointers)</H3><H3>
Call chain for Maximum Stack Depth:</H3>
main &rArr; __aeabi_ui2d &rArr; _double_epilogue &rArr; _double_round
<P>
<H3>
Mutually Recursive functions
</H3> <LI><a href="#[2]">NMI_Handler</a>&nbsp;&nbsp;&nbsp;&rArr;&nbsp;&nbsp;&nbsp;<a href="#[2]">NMI_Handler</a><BR>
 <LI><a href="#[4]">MemManage_Handler</a>&nbsp;&nbsp;&nbsp;&rArr;&nbsp;&nbsp;&nbsp;<a href="#[4]">MemManage_Handler</a><BR>
 <LI><a href="#[5]">BusFault_Handler</a>&nbsp;&nbsp;&nbsp;&rArr;&nbsp;&nbsp;&nbsp;<a href="#[5]">BusFault_Handler</a><BR>
 <LI><a href="#[6]">UsageFault_Handler</a>&nbsp;&nbsp;&nbsp;&rArr;&nbsp;&nbsp;&nbsp;<a href="#[6]">UsageFault_Handler</a><BR>
 <LI><a href="#[7]">SVC_Handler</a>&nbsp;&nbsp;&nbsp;&rArr;&nbsp;&nbsp;&nbsp;<a href="#[7]">SVC_Handler</a><BR>
 <LI><a href="#[8]">DebugMon_Handler</a>&nbsp;&nbsp;&nbsp;&rArr;&nbsp;&nbsp;&nbsp;<a href="#[8]">DebugMon_Handler</a><BR>
 <LI><a href="#[9]">PendSV_Handler</a>&nbsp;&nbsp;&nbsp;&rArr;&nbsp;&nbsp;&nbsp;<a href="#[9]">PendSV_Handler</a><BR>
 <LI><a href="#[a]">SysTick_Handler</a>&nbsp;&nbsp;&nbsp;&rArr;&nbsp;&nbsp;&nbsp;<a href="#[a]">SysTick_Handler</a><BR>
 <LI><a href="#[c]">Default_Handler</a>&nbsp;&nbsp;&nbsp;&rArr;&nbsp;&nbsp;&nbsp;<a href="#[c]">Default_Handler</a><BR>
</UL>
<P>
<H3>
Function Pointers
</H3><UL>
 <LI><a href="#[70]">ADC0_IRQHandler</a> from startup_ma35d1_rtp.o(.text) referenced from startup_ma35d1_rtp.o(RESET)
 <LI><a href="#[1f]">BRAKE0_IRQHandler</a> from startup_ma35d1_rtp.o(.text) referenced from startup_ma35d1_rtp.o(RESET)
 <LI><a href="#[3d]">BRAKE1_IRQHandler</a> from startup_ma35d1_rtp.o(.text) referenced from startup_ma35d1_rtp.o(RESET)
 <LI><a href="#[5a]">BRAKE2_IRQHandler</a> from startup_ma35d1_rtp.o(.text) referenced from startup_ma35d1_rtp.o(RESET)
 <LI><a href="#[5]">BusFault_Handler</a> from startup_ma35d1_rtp.o(.text) referenced from startup_ma35d1_rtp.o(RESET)
 <LI><a href="#[31]">CANFD00_IRQHandler</a> from startup_ma35d1_rtp.o(.text) referenced from startup_ma35d1_rtp.o(RESET)
 <LI><a href="#[6c]">CANFD01_IRQHandler</a> from startup_ma35d1_rtp.o(.text) referenced from startup_ma35d1_rtp.o(RESET)
 <LI><a href="#[50]">CANFD10_IRQHandler</a> from startup_ma35d1_rtp.o(.text) referenced from startup_ma35d1_rtp.o(RESET)
 <LI><a href="#[6d]">CANFD11_IRQHandler</a> from startup_ma35d1_rtp.o(.text) referenced from startup_ma35d1_rtp.o(RESET)
 <LI><a href="#[69]">CANFD20_IRQHandler</a> from startup_ma35d1_rtp.o(.text) referenced from startup_ma35d1_rtp.o(RESET)
 <LI><a href="#[6e]">CANFD21_IRQHandler</a> from startup_ma35d1_rtp.o(.text) referenced from startup_ma35d1_rtp.o(RESET)
 <LI><a href="#[6a]">CANFD30_IRQHandler</a> from startup_ma35d1_rtp.o(.text) referenced from startup_ma35d1_rtp.o(RESET)
 <LI><a href="#[6f]">CANFD31_IRQHandler</a> from startup_ma35d1_rtp.o(.text) referenced from startup_ma35d1_rtp.o(RESET)
 <LI><a href="#[f]">CKFAIL_IRQHandler</a> from startup_ma35d1_rtp.o(.text) referenced from startup_ma35d1_rtp.o(RESET)
 <LI><a href="#[8]">DebugMon_Handler</a> from startup_ma35d1_rtp.o(.text) referenced from startup_ma35d1_rtp.o(RESET)
 <LI><a href="#[c]">Default_Handler</a> from startup_ma35d1_rtp.o(.text) referenced 10 times from startup_ma35d1_rtp.o(RESET)
 <LI><a href="#[2b]">EADC00_IRQHandler</a> from startup_ma35d1_rtp.o(.text) referenced from startup_ma35d1_rtp.o(RESET)
 <LI><a href="#[2c]">EADC01_IRQHandler</a> from startup_ma35d1_rtp.o(.text) referenced from startup_ma35d1_rtp.o(RESET)
 <LI><a href="#[2d]">EADC02_IRQHandler</a> from startup_ma35d1_rtp.o(.text) referenced from startup_ma35d1_rtp.o(RESET)
 <LI><a href="#[2e]">EADC03_IRQHandler</a> from startup_ma35d1_rtp.o(.text) referenced from startup_ma35d1_rtp.o(RESET)
 <LI><a href="#[24]">ECAP0_IRQHandler</a> from startup_ma35d1_rtp.o(.text) referenced from startup_ma35d1_rtp.o(RESET)
 <LI><a href="#[42]">ECAP1_IRQHandler</a> from startup_ma35d1_rtp.o(.text) referenced from startup_ma35d1_rtp.o(RESET)
 <LI><a href="#[5f]">ECAP2_IRQHandler</a> from startup_ma35d1_rtp.o(.text) referenced from startup_ma35d1_rtp.o(RESET)
 <LI><a href="#[15]">EINT0_IRQHandler</a> from startup_ma35d1_rtp.o(.text) referenced from startup_ma35d1_rtp.o(RESET)
 <LI><a href="#[16]">EINT1_IRQHandler</a> from startup_ma35d1_rtp.o(.text) referenced from startup_ma35d1_rtp.o(RESET)
 <LI><a href="#[17]">EINT2_IRQHandler</a> from startup_ma35d1_rtp.o(.text) referenced from startup_ma35d1_rtp.o(RESET)
 <LI><a href="#[18]">EINT3_IRQHandler</a> from startup_ma35d1_rtp.o(.text) referenced from startup_ma35d1_rtp.o(RESET)
 <LI><a href="#[20]">EPWM0P0_IRQHandler</a> from startup_ma35d1_rtp.o(.text) referenced from startup_ma35d1_rtp.o(RESET)
 <LI><a href="#[21]">EPWM0P1_IRQHandler</a> from startup_ma35d1_rtp.o(.text) referenced from startup_ma35d1_rtp.o(RESET)
 <LI><a href="#[22]">EPWM0P2_IRQHandler</a> from startup_ma35d1_rtp.o(.text) referenced from startup_ma35d1_rtp.o(RESET)
 <LI><a href="#[3e]">EPWM1P0_IRQHandler</a> from startup_ma35d1_rtp.o(.text) referenced from startup_ma35d1_rtp.o(RESET)
 <LI><a href="#[3f]">EPWM1P1_IRQHandler</a> from startup_ma35d1_rtp.o(.text) referenced from startup_ma35d1_rtp.o(RESET)
 <LI><a href="#[40]">EPWM1P2_IRQHandler</a> from startup_ma35d1_rtp.o(.text) referenced from startup_ma35d1_rtp.o(RESET)
 <LI><a href="#[5b]">EPWM2P0_IRQHandle</a> from startup_ma35d1_rtp.o(.text) referenced from startup_ma35d1_rtp.o(RESET)
 <LI><a href="#[5c]">EPWM2P1_IRQHandle</a> from startup_ma35d1_rtp.o(.text) referenced from startup_ma35d1_rtp.o(RESET)
 <LI><a href="#[5d]">EPWM2P2_IRQHandle</a> from startup_ma35d1_rtp.o(.text) referenced from startup_ma35d1_rtp.o(RESET)
 <LI><a href="#[19]">GPA_IRQHandler</a> from startup_ma35d1_rtp.o(.text) referenced from startup_ma35d1_rtp.o(RESET)
 <LI><a href="#[1a]">GPB_IRQHandler</a> from startup_ma35d1_rtp.o(.text) referenced from startup_ma35d1_rtp.o(RESET)
 <LI><a href="#[1b]">GPC_IRQHandler</a> from startup_ma35d1_rtp.o(.text) referenced from startup_ma35d1_rtp.o(RESET)
 <LI><a href="#[1c]">GPD_IRQHandler</a> from startup_ma35d1_rtp.o(.text) referenced from startup_ma35d1_rtp.o(RESET)
 <LI><a href="#[33]">GPE_IRQHandler</a> from startup_ma35d1_rtp.o(.text) referenced from startup_ma35d1_rtp.o(RESET)
 <LI><a href="#[34]">GPF_IRQHandler</a> from startup_ma35d1_rtp.o(.text) referenced from startup_ma35d1_rtp.o(RESET)
 <LI><a href="#[35]">GPG_IRQHandler</a> from startup_ma35d1_rtp.o(.text) referenced from startup_ma35d1_rtp.o(RESET)
 <LI><a href="#[36]">GPH_IRQHandler</a> from startup_ma35d1_rtp.o(.text) referenced from startup_ma35d1_rtp.o(RESET)
 <LI><a href="#[37]">GPI_IRQHandler</a> from startup_ma35d1_rtp.o(.text) referenced from startup_ma35d1_rtp.o(RESET)
 <LI><a href="#[38]">GPJ_IRQHandler</a> from startup_ma35d1_rtp.o(.text) referenced from startup_ma35d1_rtp.o(RESET)
 <LI><a href="#[52]">GPK_IRQHandler</a> from startup_ma35d1_rtp.o(.text) referenced from startup_ma35d1_rtp.o(RESET)
 <LI><a href="#[53]">GPL_IRQHandler</a> from startup_ma35d1_rtp.o(.text) referenced from startup_ma35d1_rtp.o(RESET)
 <LI><a href="#[54]">GPM_IRQHandler</a> from startup_ma35d1_rtp.o(.text) referenced from startup_ma35d1_rtp.o(RESET)
 <LI><a href="#[55]">GPN_IRQHandler</a> from startup_ma35d1_rtp.o(.text) referenced from startup_ma35d1_rtp.o(RESET)
 <LI><a href="#[e]">HWSEM0_IRQHandler</a> from startup_ma35d1_rtp.o(.text) referenced from startup_ma35d1_rtp.o(RESET)
 <LI><a href="#[3]">HardFault_Handler</a> from retarget.o(.emb_text) referenced from startup_ma35d1_rtp.o(RESET)
 <LI><a href="#[72]">Hard_Fault_Handler</a> from retarget.o(.text) referenced from retarget.o(.emb_text)
 <LI><a href="#[2f]">I2C1_IRQHandler</a> from startup_ma35d1_rtp.o(.text) referenced from startup_ma35d1_rtp.o(RESET)
 <LI><a href="#[4d]">I2C2_IRQHandler</a> from startup_ma35d1_rtp.o(.text) referenced from startup_ma35d1_rtp.o(RESET)
 <LI><a href="#[4e]">I2C3_IRQHandler</a> from startup_ma35d1_rtp.o(.text) referenced from startup_ma35d1_rtp.o(RESET)
 <LI><a href="#[67]">I2C4_IRQHandler</a> from startup_ma35d1_rtp.o(.text) referenced from startup_ma35d1_rtp.o(RESET)
 <LI><a href="#[68]">I2C5_IRQHandler</a> from startup_ma35d1_rtp.o(.text) referenced from startup_ma35d1_rtp.o(RESET)
 <LI><a href="#[30]">I2S0_IRQHandler</a> from startup_ma35d1_rtp.o(.text) referenced from startup_ma35d1_rtp.o(RESET)
 <LI><a href="#[4f]">I2S1_IRQHandler</a> from startup_ma35d1_rtp.o(.text) referenced from startup_ma35d1_rtp.o(RESET)
 <LI><a href="#[6b]">KPI_IRQHandler</a> from startup_ma35d1_rtp.o(.text) referenced from startup_ma35d1_rtp.o(RESET)
 <LI><a href="#[b]">LVD_IRQHandler</a> from startup_ma35d1_rtp.o(.text) referenced from startup_ma35d1_rtp.o(RESET)
 <LI><a href="#[4]">MemManage_Handler</a> from startup_ma35d1_rtp.o(.text) referenced from startup_ma35d1_rtp.o(RESET)
 <LI><a href="#[2]">NMI_Handler</a> from startup_ma35d1_rtp.o(.text) referenced from startup_ma35d1_rtp.o(RESET)
 <LI><a href="#[45]">PDMA2_IRQHandler</a> from startup_ma35d1_rtp.o(.text) referenced from startup_ma35d1_rtp.o(RESET)
 <LI><a href="#[46]">PDMA3_IRQHandler</a> from startup_ma35d1_rtp.o(.text) referenced from startup_ma35d1_rtp.o(RESET)
 <LI><a href="#[d]">PWRWU_IRQHandler</a> from startup_ma35d1_rtp.o(.text) referenced from startup_ma35d1_rtp.o(RESET)
 <LI><a href="#[9]">PendSV_Handler</a> from startup_ma35d1_rtp.o(.text) referenced from startup_ma35d1_rtp.o(RESET)
 <LI><a href="#[23]">QEI0_IRQHandler</a> from startup_ma35d1_rtp.o(.text) referenced from startup_ma35d1_rtp.o(RESET)
 <LI><a href="#[41]">QEI1_IRQHandler</a> from startup_ma35d1_rtp.o(.text) referenced from startup_ma35d1_rtp.o(RESET)
 <LI><a href="#[5e]">QEI2_IRQHandler</a> from startup_ma35d1_rtp.o(.text) referenced from startup_ma35d1_rtp.o(RESET)
 <LI><a href="#[25]">QSPI1_IRQHandler</a> from startup_ma35d1_rtp.o(.text) referenced from startup_ma35d1_rtp.o(RESET)
 <LI><a href="#[11]">RTC_IRQHandler</a> from startup_ma35d1_rtp.o(.text) referenced from startup_ma35d1_rtp.o(RESET)
 <LI><a href="#[76]">Reset_Handler</a> from startup_ma35d1_rtp.o(.text) referenced from startup_ma35d1_rtp.o(RESET)
 <LI><a href="#[32]">SC0_IRQHandler</a> from startup_ma35d1_rtp.o(.text) referenced from startup_ma35d1_rtp.o(RESET)
 <LI><a href="#[51]">SC1_IRQHandler</a> from startup_ma35d1_rtp.o(.text) referenced from startup_ma35d1_rtp.o(RESET)
 <LI><a href="#[43]">SPI0_IRQHandler</a> from startup_ma35d1_rtp.o(.text) referenced from startup_ma35d1_rtp.o(RESET)
 <LI><a href="#[44]">SPI1_IRQHandler</a> from startup_ma35d1_rtp.o(.text) referenced from startup_ma35d1_rtp.o(RESET)
 <LI><a href="#[60]">SPI2_IRQHandler</a> from startup_ma35d1_rtp.o(.text) referenced from startup_ma35d1_rtp.o(RESET)
 <LI><a href="#[61]">SPI3_IRQHandler</a> from startup_ma35d1_rtp.o(.text) referenced from startup_ma35d1_rtp.o(RESET)
 <LI><a href="#[7]">SVC_Handler</a> from startup_ma35d1_rtp.o(.text) referenced from startup_ma35d1_rtp.o(RESET)
 <LI><a href="#[a]">SysTick_Handler</a> from startup_ma35d1_rtp.o(.text) referenced from startup_ma35d1_rtp.o(RESET)
 <LI><a href="#[73]">SystemInit</a> from system_ma35d1_rtp.o(.text) referenced from startup_ma35d1_rtp.o(.text)
 <LI><a href="#[12]">TAMPER_IRQHandler</a> from startup_ma35d1_rtp.o(.text) referenced from startup_ma35d1_rtp.o(RESET)
 <LI><a href="#[58]">TMR10_IRQHandler</a> from startup_ma35d1_rtp.o(.text) referenced from startup_ma35d1_rtp.o(RESET)
 <LI><a href="#[59]">TMR11_IRQHandler</a> from startup_ma35d1_rtp.o(.text) referenced from startup_ma35d1_rtp.o(RESET)
 <LI><a href="#[1d]">TMR2_IRQHandler</a> from startup_ma35d1_rtp.o(.text) referenced from startup_ma35d1_rtp.o(RESET)
 <LI><a href="#[1e]">TMR3_IRQHandler</a> from startup_ma35d1_rtp.o(.text) referenced from startup_ma35d1_rtp.o(RESET)
 <LI><a href="#[39]">TMR4_IRQHandler</a> from startup_ma35d1_rtp.o(.text) referenced from startup_ma35d1_rtp.o(RESET)
 <LI><a href="#[3a]">TMR5_IRQHandler</a> from startup_ma35d1_rtp.o(.text) referenced from startup_ma35d1_rtp.o(RESET)
 <LI><a href="#[3b]">TMR6_IRQHandler</a> from startup_ma35d1_rtp.o(.text) referenced from startup_ma35d1_rtp.o(RESET)
 <LI><a href="#[3c]">TMR7_IRQHandler</a> from startup_ma35d1_rtp.o(.text) referenced from startup_ma35d1_rtp.o(RESET)
 <LI><a href="#[56]">TMR8_IRQHandler</a> from startup_ma35d1_rtp.o(.text) referenced from startup_ma35d1_rtp.o(RESET)
 <LI><a href="#[57]">TMR9_IRQHandler</a> from startup_ma35d1_rtp.o(.text) referenced from startup_ma35d1_rtp.o(RESET)
 <LI><a href="#[4b]">UART10_IRQHandler</a> from startup_ma35d1_rtp.o(.text) referenced from startup_ma35d1_rtp.o(RESET)
 <LI><a href="#[4c]">UART11_IRQHandler</a> from startup_ma35d1_rtp.o(.text) referenced from startup_ma35d1_rtp.o(RESET)
 <LI><a href="#[62]">UART12_IRQHandler</a> from startup_ma35d1_rtp.o(.text) referenced from startup_ma35d1_rtp.o(RESET)
 <LI><a href="#[63]">UART13_IRQHandler</a> from startup_ma35d1_rtp.o(.text) referenced from startup_ma35d1_rtp.o(RESET)
 <LI><a href="#[64]">UART14_IRQHandler</a> from startup_ma35d1_rtp.o(.text) referenced from startup_ma35d1_rtp.o(RESET)
 <LI><a href="#[65]">UART15_IRQHandler</a> from startup_ma35d1_rtp.o(.text) referenced from startup_ma35d1_rtp.o(RESET)
 <LI><a href="#[66]">UART16_IRQHandler</a> from startup_ma35d1_rtp.o(.text) referenced from startup_ma35d1_rtp.o(RESET)
 <LI><a href="#[26]">UART1_IRQHandler</a> from startup_ma35d1_rtp.o(.text) referenced from startup_ma35d1_rtp.o(RESET)
 <LI><a href="#[27]">UART2_IRQHandler</a> from startup_ma35d1_rtp.o(.text) referenced from startup_ma35d1_rtp.o(RESET)
 <LI><a href="#[28]">UART3_IRQHandler</a> from startup_ma35d1_rtp.o(.text) referenced from startup_ma35d1_rtp.o(RESET)
 <LI><a href="#[29]">UART4_IRQHandler</a> from startup_ma35d1_rtp.o(.text) referenced from startup_ma35d1_rtp.o(RESET)
 <LI><a href="#[2a]">UART5_IRQHandler</a> from startup_ma35d1_rtp.o(.text) referenced from startup_ma35d1_rtp.o(RESET)
 <LI><a href="#[47]">UART6_IRQHandler</a> from startup_ma35d1_rtp.o(.text) referenced from startup_ma35d1_rtp.o(RESET)
 <LI><a href="#[48]">UART7_IRQHandler</a> from startup_ma35d1_rtp.o(.text) referenced from startup_ma35d1_rtp.o(RESET)
 <LI><a href="#[49]">UART8_IRQHandler</a> from startup_ma35d1_rtp.o(.text) referenced from startup_ma35d1_rtp.o(RESET)
 <LI><a href="#[4a]">UART9_IRQHandler</a> from startup_ma35d1_rtp.o(.text) referenced from startup_ma35d1_rtp.o(RESET)
 <LI><a href="#[6]">UsageFault_Handler</a> from startup_ma35d1_rtp.o(.text) referenced from startup_ma35d1_rtp.o(RESET)
 <LI><a href="#[13]">WDT2_IRQHandler</a> from startup_ma35d1_rtp.o(.text) referenced from startup_ma35d1_rtp.o(RESET)
 <LI><a href="#[10]">WHC0_IRQHandler</a> from startup_ma35d1_rtp.o(.text) referenced from startup_ma35d1_rtp.o(RESET)
 <LI><a href="#[14]">WWDT2_IRQHandler</a> from watchdog.o(.text) referenced from startup_ma35d1_rtp.o(RESET)
 <LI><a href="#[74]">__main</a> from entry.o(.ARM.Collect$$$$00000000) referenced from startup_ma35d1_rtp.o(.text)
 <LI><a href="#[75]">fputc</a> from retarget.o(.text) referenced from printfa.o(i.__0printf)
 <LI><a href="#[71]">main</a> from main.o(.text) referenced from entry9a.o(.ARM.Collect$$$$0000000B)
</UL>
<P>
<H3>
Global Symbols
</H3>
<P><STRONG><a name="[74]"></a>__main</STRONG> (Thumb, 0 bytes, Stack size unknown bytes, entry.o(.ARM.Collect$$$$00000000))
<BR>[Address Reference Count : 1]<UL><LI> startup_ma35d1_rtp.o(.text)
</UL>
<P><STRONG><a name="[99]"></a>_main_stk</STRONG> (Thumb, 0 bytes, Stack size unknown bytes, entry2.o(.ARM.Collect$$$$00000001))

<P><STRONG><a name="[79]"></a>_main_scatterload</STRONG> (Thumb, 0 bytes, Stack size unknown bytes, entry5.o(.ARM.Collect$$$$00000004))
<BR><BR>[Calls]<UL><LI><a href="#[7a]">&gt;&gt;</a>&nbsp;&nbsp;&nbsp;__scatterload
</UL>

<P><STRONG><a name="[91]"></a>__main_after_scatterload</STRONG> (Thumb, 0 bytes, Stack size unknown bytes, entry5.o(.ARM.Collect$$$$00000004))
<BR><BR>[Called By]<UL><LI><a href="#[7a]">&gt;&gt;</a>&nbsp;&nbsp;&nbsp;__scatterload
</UL>

<P><STRONG><a name="[9a]"></a>_main_clock</STRONG> (Thumb, 0 bytes, Stack size unknown bytes, entry7b.o(.ARM.Collect$$$$00000008))

<P><STRONG><a name="[9b]"></a>_main_cpp_init</STRONG> (Thumb, 0 bytes, Stack size unknown bytes, entry8b.o(.ARM.Collect$$$$0000000A))

<P><STRONG><a name="[9c]"></a>_main_init</STRONG> (Thumb, 0 bytes, Stack size unknown bytes, entry9a.o(.ARM.Collect$$$$0000000B))

<P><STRONG><a name="[9d]"></a>__rt_lib_shutdown_fini</STRONG> (Thumb, 0 bytes, Stack size unknown bytes, entry12b.o(.ARM.Collect$$$$0000000E))

<P><STRONG><a name="[9e]"></a>__rt_final_cpp</STRONG> (Thumb, 0 bytes, Stack size unknown bytes, entry10a.o(.ARM.Collect$$$$0000000F))

<P><STRONG><a name="[9f]"></a>__rt_final_exit</STRONG> (Thumb, 0 bytes, Stack size unknown bytes, entry11a.o(.ARM.Collect$$$$00000011))

<P><STRONG><a name="[3]"></a>HardFault_Handler</STRONG> (Thumb, 24 bytes, Stack size 0 bytes, retarget.o(.emb_text))
<BR>[Address Reference Count : 1]<UL><LI> startup_ma35d1_rtp.o(RESET)
</UL>
<P><STRONG><a name="[7e]"></a>SystemCoreClockUpdate</STRONG> (Thumb, 18 bytes, Stack size 0 bytes, system_ma35d1_rtp.o(.text))
<BR><BR>[Called By]<UL><LI><a href="#[81]">&gt;&gt;</a>&nbsp;&nbsp;&nbsp;WWDT_init
<LI><a href="#[7b]">&gt;&gt;</a>&nbsp;&nbsp;&nbsp;UART16_Init
</UL>

<P><STRONG><a name="[73]"></a>SystemInit</STRONG> (Thumb, 12 bytes, Stack size 0 bytes, system_ma35d1_rtp.o(.text))
<BR>[Address Reference Count : 1]<UL><LI> startup_ma35d1_rtp.o(.text)
</UL>
<P><STRONG><a name="[76]"></a>Reset_Handler</STRONG> (Thumb, 8 bytes, Stack size 0 bytes, startup_ma35d1_rtp.o(.text))

<P><STRONG><a name="[2]"></a>NMI_Handler</STRONG> (Thumb, 2 bytes, Stack size 0 bytes, startup_ma35d1_rtp.o(.text))
<BR><BR>[Calls]<UL><LI><a href="#[2]">&gt;&gt;</a>&nbsp;&nbsp;&nbsp;NMI_Handler
</UL>
<BR>[Called By]<UL><LI><a href="#[2]">&gt;&gt;</a>&nbsp;&nbsp;&nbsp;NMI_Handler
</UL>
<BR>[Address Reference Count : 1]<UL><LI> startup_ma35d1_rtp.o(RESET)
</UL>
<P><STRONG><a name="[4]"></a>MemManage_Handler</STRONG> (Thumb, 2 bytes, Stack size 0 bytes, startup_ma35d1_rtp.o(.text))
<BR><BR>[Calls]<UL><LI><a href="#[4]">&gt;&gt;</a>&nbsp;&nbsp;&nbsp;MemManage_Handler
</UL>
<BR>[Called By]<UL><LI><a href="#[4]">&gt;&gt;</a>&nbsp;&nbsp;&nbsp;MemManage_Handler
</UL>
<BR>[Address Reference Count : 1]<UL><LI> startup_ma35d1_rtp.o(RESET)
</UL>
<P><STRONG><a name="[5]"></a>BusFault_Handler</STRONG> (Thumb, 2 bytes, Stack size 0 bytes, startup_ma35d1_rtp.o(.text))
<BR><BR>[Calls]<UL><LI><a href="#[5]">&gt;&gt;</a>&nbsp;&nbsp;&nbsp;BusFault_Handler
</UL>
<BR>[Called By]<UL><LI><a href="#[5]">&gt;&gt;</a>&nbsp;&nbsp;&nbsp;BusFault_Handler
</UL>
<BR>[Address Reference Count : 1]<UL><LI> startup_ma35d1_rtp.o(RESET)
</UL>
<P><STRONG><a name="[6]"></a>UsageFault_Handler</STRONG> (Thumb, 2 bytes, Stack size 0 bytes, startup_ma35d1_rtp.o(.text))
<BR><BR>[Calls]<UL><LI><a href="#[6]">&gt;&gt;</a>&nbsp;&nbsp;&nbsp;UsageFault_Handler
</UL>
<BR>[Called By]<UL><LI><a href="#[6]">&gt;&gt;</a>&nbsp;&nbsp;&nbsp;UsageFault_Handler
</UL>
<BR>[Address Reference Count : 1]<UL><LI> startup_ma35d1_rtp.o(RESET)
</UL>
<P><STRONG><a name="[7]"></a>SVC_Handler</STRONG> (Thumb, 2 bytes, Stack size 0 bytes, startup_ma35d1_rtp.o(.text))
<BR><BR>[Calls]<UL><LI><a href="#[7]">&gt;&gt;</a>&nbsp;&nbsp;&nbsp;SVC_Handler
</UL>
<BR>[Called By]<UL><LI><a href="#[7]">&gt;&gt;</a>&nbsp;&nbsp;&nbsp;SVC_Handler
</UL>
<BR>[Address Reference Count : 1]<UL><LI> startup_ma35d1_rtp.o(RESET)
</UL>
<P><STRONG><a name="[8]"></a>DebugMon_Handler</STRONG> (Thumb, 2 bytes, Stack size 0 bytes, startup_ma35d1_rtp.o(.text))
<BR><BR>[Calls]<UL><LI><a href="#[8]">&gt;&gt;</a>&nbsp;&nbsp;&nbsp;DebugMon_Handler
</UL>
<BR>[Called By]<UL><LI><a href="#[8]">&gt;&gt;</a>&nbsp;&nbsp;&nbsp;DebugMon_Handler
</UL>
<BR>[Address Reference Count : 1]<UL><LI> startup_ma35d1_rtp.o(RESET)
</UL>
<P><STRONG><a name="[9]"></a>PendSV_Handler</STRONG> (Thumb, 2 bytes, Stack size 0 bytes, startup_ma35d1_rtp.o(.text))
<BR><BR>[Calls]<UL><LI><a href="#[9]">&gt;&gt;</a>&nbsp;&nbsp;&nbsp;PendSV_Handler
</UL>
<BR>[Called By]<UL><LI><a href="#[9]">&gt;&gt;</a>&nbsp;&nbsp;&nbsp;PendSV_Handler
</UL>
<BR>[Address Reference Count : 1]<UL><LI> startup_ma35d1_rtp.o(RESET)
</UL>
<P><STRONG><a name="[a]"></a>SysTick_Handler</STRONG> (Thumb, 2 bytes, Stack size 0 bytes, startup_ma35d1_rtp.o(.text))
<BR><BR>[Calls]<UL><LI><a href="#[a]">&gt;&gt;</a>&nbsp;&nbsp;&nbsp;SysTick_Handler
</UL>
<BR>[Called By]<UL><LI><a href="#[a]">&gt;&gt;</a>&nbsp;&nbsp;&nbsp;SysTick_Handler
</UL>
<BR>[Address Reference Count : 1]<UL><LI> startup_ma35d1_rtp.o(RESET)
</UL>
<P><STRONG><a name="[70]"></a>ADC0_IRQHandler</STRONG> (Thumb, 0 bytes, Stack size 0 bytes, startup_ma35d1_rtp.o(.text))
<BR>[Address Reference Count : 1]<UL><LI> startup_ma35d1_rtp.o(RESET)
</UL>
<P><STRONG><a name="[1f]"></a>BRAKE0_IRQHandler</STRONG> (Thumb, 0 bytes, Stack size 0 bytes, startup_ma35d1_rtp.o(.text))
<BR>[Address Reference Count : 1]<UL><LI> startup_ma35d1_rtp.o(RESET)
</UL>
<P><STRONG><a name="[3d]"></a>BRAKE1_IRQHandler</STRONG> (Thumb, 0 bytes, Stack size 0 bytes, startup_ma35d1_rtp.o(.text))
<BR>[Address Reference Count : 1]<UL><LI> startup_ma35d1_rtp.o(RESET)
</UL>
<P><STRONG><a name="[5a]"></a>BRAKE2_IRQHandler</STRONG> (Thumb, 0 bytes, Stack size 0 bytes, startup_ma35d1_rtp.o(.text))
<BR>[Address Reference Count : 1]<UL><LI> startup_ma35d1_rtp.o(RESET)
</UL>
<P><STRONG><a name="[31]"></a>CANFD00_IRQHandler</STRONG> (Thumb, 0 bytes, Stack size 0 bytes, startup_ma35d1_rtp.o(.text))
<BR>[Address Reference Count : 1]<UL><LI> startup_ma35d1_rtp.o(RESET)
</UL>
<P><STRONG><a name="[6c]"></a>CANFD01_IRQHandler</STRONG> (Thumb, 0 bytes, Stack size 0 bytes, startup_ma35d1_rtp.o(.text))
<BR>[Address Reference Count : 1]<UL><LI> startup_ma35d1_rtp.o(RESET)
</UL>
<P><STRONG><a name="[50]"></a>CANFD10_IRQHandler</STRONG> (Thumb, 0 bytes, Stack size 0 bytes, startup_ma35d1_rtp.o(.text))
<BR>[Address Reference Count : 1]<UL><LI> startup_ma35d1_rtp.o(RESET)
</UL>
<P><STRONG><a name="[6d]"></a>CANFD11_IRQHandler</STRONG> (Thumb, 0 bytes, Stack size 0 bytes, startup_ma35d1_rtp.o(.text))
<BR>[Address Reference Count : 1]<UL><LI> startup_ma35d1_rtp.o(RESET)
</UL>
<P><STRONG><a name="[69]"></a>CANFD20_IRQHandler</STRONG> (Thumb, 0 bytes, Stack size 0 bytes, startup_ma35d1_rtp.o(.text))
<BR>[Address Reference Count : 1]<UL><LI> startup_ma35d1_rtp.o(RESET)
</UL>
<P><STRONG><a name="[6e]"></a>CANFD21_IRQHandler</STRONG> (Thumb, 0 bytes, Stack size 0 bytes, startup_ma35d1_rtp.o(.text))
<BR>[Address Reference Count : 1]<UL><LI> startup_ma35d1_rtp.o(RESET)
</UL>
<P><STRONG><a name="[6a]"></a>CANFD30_IRQHandler</STRONG> (Thumb, 0 bytes, Stack size 0 bytes, startup_ma35d1_rtp.o(.text))
<BR>[Address Reference Count : 1]<UL><LI> startup_ma35d1_rtp.o(RESET)
</UL>
<P><STRONG><a name="[6f]"></a>CANFD31_IRQHandler</STRONG> (Thumb, 0 bytes, Stack size 0 bytes, startup_ma35d1_rtp.o(.text))
<BR>[Address Reference Count : 1]<UL><LI> startup_ma35d1_rtp.o(RESET)
</UL>
<P><STRONG><a name="[f]"></a>CKFAIL_IRQHandler</STRONG> (Thumb, 0 bytes, Stack size 0 bytes, startup_ma35d1_rtp.o(.text))
<BR>[Address Reference Count : 1]<UL><LI> startup_ma35d1_rtp.o(RESET)
</UL>
<P><STRONG><a name="[2b]"></a>EADC00_IRQHandler</STRONG> (Thumb, 0 bytes, Stack size 0 bytes, startup_ma35d1_rtp.o(.text))
<BR>[Address Reference Count : 1]<UL><LI> startup_ma35d1_rtp.o(RESET)
</UL>
<P><STRONG><a name="[2c]"></a>EADC01_IRQHandler</STRONG> (Thumb, 0 bytes, Stack size 0 bytes, startup_ma35d1_rtp.o(.text))
<BR>[Address Reference Count : 1]<UL><LI> startup_ma35d1_rtp.o(RESET)
</UL>
<P><STRONG><a name="[2d]"></a>EADC02_IRQHandler</STRONG> (Thumb, 0 bytes, Stack size 0 bytes, startup_ma35d1_rtp.o(.text))
<BR>[Address Reference Count : 1]<UL><LI> startup_ma35d1_rtp.o(RESET)
</UL>
<P><STRONG><a name="[2e]"></a>EADC03_IRQHandler</STRONG> (Thumb, 0 bytes, Stack size 0 bytes, startup_ma35d1_rtp.o(.text))
<BR>[Address Reference Count : 1]<UL><LI> startup_ma35d1_rtp.o(RESET)
</UL>
<P><STRONG><a name="[24]"></a>ECAP0_IRQHandler</STRONG> (Thumb, 0 bytes, Stack size 0 bytes, startup_ma35d1_rtp.o(.text))
<BR>[Address Reference Count : 1]<UL><LI> startup_ma35d1_rtp.o(RESET)
</UL>
<P><STRONG><a name="[42]"></a>ECAP1_IRQHandler</STRONG> (Thumb, 0 bytes, Stack size 0 bytes, startup_ma35d1_rtp.o(.text))
<BR>[Address Reference Count : 1]<UL><LI> startup_ma35d1_rtp.o(RESET)
</UL>
<P><STRONG><a name="[5f]"></a>ECAP2_IRQHandler</STRONG> (Thumb, 0 bytes, Stack size 0 bytes, startup_ma35d1_rtp.o(.text))
<BR>[Address Reference Count : 1]<UL><LI> startup_ma35d1_rtp.o(RESET)
</UL>
<P><STRONG><a name="[15]"></a>EINT0_IRQHandler</STRONG> (Thumb, 0 bytes, Stack size 0 bytes, startup_ma35d1_rtp.o(.text))
<BR>[Address Reference Count : 1]<UL><LI> startup_ma35d1_rtp.o(RESET)
</UL>
<P><STRONG><a name="[16]"></a>EINT1_IRQHandler</STRONG> (Thumb, 0 bytes, Stack size 0 bytes, startup_ma35d1_rtp.o(.text))
<BR>[Address Reference Count : 1]<UL><LI> startup_ma35d1_rtp.o(RESET)
</UL>
<P><STRONG><a name="[17]"></a>EINT2_IRQHandler</STRONG> (Thumb, 0 bytes, Stack size 0 bytes, startup_ma35d1_rtp.o(.text))
<BR>[Address Reference Count : 1]<UL><LI> startup_ma35d1_rtp.o(RESET)
</UL>
<P><STRONG><a name="[18]"></a>EINT3_IRQHandler</STRONG> (Thumb, 0 bytes, Stack size 0 bytes, startup_ma35d1_rtp.o(.text))
<BR>[Address Reference Count : 1]<UL><LI> startup_ma35d1_rtp.o(RESET)
</UL>
<P><STRONG><a name="[20]"></a>EPWM0P0_IRQHandler</STRONG> (Thumb, 0 bytes, Stack size 0 bytes, startup_ma35d1_rtp.o(.text))
<BR>[Address Reference Count : 1]<UL><LI> startup_ma35d1_rtp.o(RESET)
</UL>
<P><STRONG><a name="[21]"></a>EPWM0P1_IRQHandler</STRONG> (Thumb, 0 bytes, Stack size 0 bytes, startup_ma35d1_rtp.o(.text))
<BR>[Address Reference Count : 1]<UL><LI> startup_ma35d1_rtp.o(RESET)
</UL>
<P><STRONG><a name="[22]"></a>EPWM0P2_IRQHandler</STRONG> (Thumb, 0 bytes, Stack size 0 bytes, startup_ma35d1_rtp.o(.text))
<BR>[Address Reference Count : 1]<UL><LI> startup_ma35d1_rtp.o(RESET)
</UL>
<P><STRONG><a name="[3e]"></a>EPWM1P0_IRQHandler</STRONG> (Thumb, 0 bytes, Stack size 0 bytes, startup_ma35d1_rtp.o(.text))
<BR>[Address Reference Count : 1]<UL><LI> startup_ma35d1_rtp.o(RESET)
</UL>
<P><STRONG><a name="[3f]"></a>EPWM1P1_IRQHandler</STRONG> (Thumb, 0 bytes, Stack size 0 bytes, startup_ma35d1_rtp.o(.text))
<BR>[Address Reference Count : 1]<UL><LI> startup_ma35d1_rtp.o(RESET)
</UL>
<P><STRONG><a name="[40]"></a>EPWM1P2_IRQHandler</STRONG> (Thumb, 0 bytes, Stack size 0 bytes, startup_ma35d1_rtp.o(.text))
<BR>[Address Reference Count : 1]<UL><LI> startup_ma35d1_rtp.o(RESET)
</UL>
<P><STRONG><a name="[5b]"></a>EPWM2P0_IRQHandle</STRONG> (Thumb, 0 bytes, Stack size 0 bytes, startup_ma35d1_rtp.o(.text))
<BR>[Address Reference Count : 1]<UL><LI> startup_ma35d1_rtp.o(RESET)
</UL>
<P><STRONG><a name="[5c]"></a>EPWM2P1_IRQHandle</STRONG> (Thumb, 0 bytes, Stack size 0 bytes, startup_ma35d1_rtp.o(.text))
<BR>[Address Reference Count : 1]<UL><LI> startup_ma35d1_rtp.o(RESET)
</UL>
<P><STRONG><a name="[5d]"></a>EPWM2P2_IRQHandle</STRONG> (Thumb, 0 bytes, Stack size 0 bytes, startup_ma35d1_rtp.o(.text))
<BR>[Address Reference Count : 1]<UL><LI> startup_ma35d1_rtp.o(RESET)
</UL>
<P><STRONG><a name="[19]"></a>GPA_IRQHandler</STRONG> (Thumb, 0 bytes, Stack size 0 bytes, startup_ma35d1_rtp.o(.text))
<BR>[Address Reference Count : 1]<UL><LI> startup_ma35d1_rtp.o(RESET)
</UL>
<P><STRONG><a name="[1a]"></a>GPB_IRQHandler</STRONG> (Thumb, 0 bytes, Stack size 0 bytes, startup_ma35d1_rtp.o(.text))
<BR>[Address Reference Count : 1]<UL><LI> startup_ma35d1_rtp.o(RESET)
</UL>
<P><STRONG><a name="[1b]"></a>GPC_IRQHandler</STRONG> (Thumb, 0 bytes, Stack size 0 bytes, startup_ma35d1_rtp.o(.text))
<BR>[Address Reference Count : 1]<UL><LI> startup_ma35d1_rtp.o(RESET)
</UL>
<P><STRONG><a name="[1c]"></a>GPD_IRQHandler</STRONG> (Thumb, 0 bytes, Stack size 0 bytes, startup_ma35d1_rtp.o(.text))
<BR>[Address Reference Count : 1]<UL><LI> startup_ma35d1_rtp.o(RESET)
</UL>
<P><STRONG><a name="[33]"></a>GPE_IRQHandler</STRONG> (Thumb, 0 bytes, Stack size 0 bytes, startup_ma35d1_rtp.o(.text))
<BR>[Address Reference Count : 1]<UL><LI> startup_ma35d1_rtp.o(RESET)
</UL>
<P><STRONG><a name="[34]"></a>GPF_IRQHandler</STRONG> (Thumb, 0 bytes, Stack size 0 bytes, startup_ma35d1_rtp.o(.text))
<BR>[Address Reference Count : 1]<UL><LI> startup_ma35d1_rtp.o(RESET)
</UL>
<P><STRONG><a name="[35]"></a>GPG_IRQHandler</STRONG> (Thumb, 0 bytes, Stack size 0 bytes, startup_ma35d1_rtp.o(.text))
<BR>[Address Reference Count : 1]<UL><LI> startup_ma35d1_rtp.o(RESET)
</UL>
<P><STRONG><a name="[36]"></a>GPH_IRQHandler</STRONG> (Thumb, 0 bytes, Stack size 0 bytes, startup_ma35d1_rtp.o(.text))
<BR>[Address Reference Count : 1]<UL><LI> startup_ma35d1_rtp.o(RESET)
</UL>
<P><STRONG><a name="[37]"></a>GPI_IRQHandler</STRONG> (Thumb, 0 bytes, Stack size 0 bytes, startup_ma35d1_rtp.o(.text))
<BR>[Address Reference Count : 1]<UL><LI> startup_ma35d1_rtp.o(RESET)
</UL>
<P><STRONG><a name="[38]"></a>GPJ_IRQHandler</STRONG> (Thumb, 0 bytes, Stack size 0 bytes, startup_ma35d1_rtp.o(.text))
<BR>[Address Reference Count : 1]<UL><LI> startup_ma35d1_rtp.o(RESET)
</UL>
<P><STRONG><a name="[52]"></a>GPK_IRQHandler</STRONG> (Thumb, 0 bytes, Stack size 0 bytes, startup_ma35d1_rtp.o(.text))
<BR>[Address Reference Count : 1]<UL><LI> startup_ma35d1_rtp.o(RESET)
</UL>
<P><STRONG><a name="[53]"></a>GPL_IRQHandler</STRONG> (Thumb, 0 bytes, Stack size 0 bytes, startup_ma35d1_rtp.o(.text))
<BR>[Address Reference Count : 1]<UL><LI> startup_ma35d1_rtp.o(RESET)
</UL>
<P><STRONG><a name="[54]"></a>GPM_IRQHandler</STRONG> (Thumb, 0 bytes, Stack size 0 bytes, startup_ma35d1_rtp.o(.text))
<BR>[Address Reference Count : 1]<UL><LI> startup_ma35d1_rtp.o(RESET)
</UL>
<P><STRONG><a name="[55]"></a>GPN_IRQHandler</STRONG> (Thumb, 0 bytes, Stack size 0 bytes, startup_ma35d1_rtp.o(.text))
<BR>[Address Reference Count : 1]<UL><LI> startup_ma35d1_rtp.o(RESET)
</UL>
<P><STRONG><a name="[e]"></a>HWSEM0_IRQHandler</STRONG> (Thumb, 0 bytes, Stack size 0 bytes, startup_ma35d1_rtp.o(.text))
<BR>[Address Reference Count : 1]<UL><LI> startup_ma35d1_rtp.o(RESET)
</UL>
<P><STRONG><a name="[2f]"></a>I2C1_IRQHandler</STRONG> (Thumb, 0 bytes, Stack size 0 bytes, startup_ma35d1_rtp.o(.text))
<BR>[Address Reference Count : 1]<UL><LI> startup_ma35d1_rtp.o(RESET)
</UL>
<P><STRONG><a name="[4d]"></a>I2C2_IRQHandler</STRONG> (Thumb, 0 bytes, Stack size 0 bytes, startup_ma35d1_rtp.o(.text))
<BR>[Address Reference Count : 1]<UL><LI> startup_ma35d1_rtp.o(RESET)
</UL>
<P><STRONG><a name="[4e]"></a>I2C3_IRQHandler</STRONG> (Thumb, 0 bytes, Stack size 0 bytes, startup_ma35d1_rtp.o(.text))
<BR>[Address Reference Count : 1]<UL><LI> startup_ma35d1_rtp.o(RESET)
</UL>
<P><STRONG><a name="[67]"></a>I2C4_IRQHandler</STRONG> (Thumb, 0 bytes, Stack size 0 bytes, startup_ma35d1_rtp.o(.text))
<BR>[Address Reference Count : 1]<UL><LI> startup_ma35d1_rtp.o(RESET)
</UL>
<P><STRONG><a name="[68]"></a>I2C5_IRQHandler</STRONG> (Thumb, 0 bytes, Stack size 0 bytes, startup_ma35d1_rtp.o(.text))
<BR>[Address Reference Count : 1]<UL><LI> startup_ma35d1_rtp.o(RESET)
</UL>
<P><STRONG><a name="[30]"></a>I2S0_IRQHandler</STRONG> (Thumb, 0 bytes, Stack size 0 bytes, startup_ma35d1_rtp.o(.text))
<BR>[Address Reference Count : 1]<UL><LI> startup_ma35d1_rtp.o(RESET)
</UL>
<P><STRONG><a name="[4f]"></a>I2S1_IRQHandler</STRONG> (Thumb, 0 bytes, Stack size 0 bytes, startup_ma35d1_rtp.o(.text))
<BR>[Address Reference Count : 1]<UL><LI> startup_ma35d1_rtp.o(RESET)
</UL>
<P><STRONG><a name="[6b]"></a>KPI_IRQHandler</STRONG> (Thumb, 0 bytes, Stack size 0 bytes, startup_ma35d1_rtp.o(.text))
<BR>[Address Reference Count : 1]<UL><LI> startup_ma35d1_rtp.o(RESET)
</UL>
<P><STRONG><a name="[b]"></a>LVD_IRQHandler</STRONG> (Thumb, 0 bytes, Stack size 0 bytes, startup_ma35d1_rtp.o(.text))
<BR>[Address Reference Count : 1]<UL><LI> startup_ma35d1_rtp.o(RESET)
</UL>
<P><STRONG><a name="[45]"></a>PDMA2_IRQHandler</STRONG> (Thumb, 0 bytes, Stack size 0 bytes, startup_ma35d1_rtp.o(.text))
<BR>[Address Reference Count : 1]<UL><LI> startup_ma35d1_rtp.o(RESET)
</UL>
<P><STRONG><a name="[46]"></a>PDMA3_IRQHandler</STRONG> (Thumb, 0 bytes, Stack size 0 bytes, startup_ma35d1_rtp.o(.text))
<BR>[Address Reference Count : 1]<UL><LI> startup_ma35d1_rtp.o(RESET)
</UL>
<P><STRONG><a name="[d]"></a>PWRWU_IRQHandler</STRONG> (Thumb, 0 bytes, Stack size 0 bytes, startup_ma35d1_rtp.o(.text))
<BR>[Address Reference Count : 1]<UL><LI> startup_ma35d1_rtp.o(RESET)
</UL>
<P><STRONG><a name="[23]"></a>QEI0_IRQHandler</STRONG> (Thumb, 0 bytes, Stack size 0 bytes, startup_ma35d1_rtp.o(.text))
<BR>[Address Reference Count : 1]<UL><LI> startup_ma35d1_rtp.o(RESET)
</UL>
<P><STRONG><a name="[41]"></a>QEI1_IRQHandler</STRONG> (Thumb, 0 bytes, Stack size 0 bytes, startup_ma35d1_rtp.o(.text))
<BR>[Address Reference Count : 1]<UL><LI> startup_ma35d1_rtp.o(RESET)
</UL>
<P><STRONG><a name="[5e]"></a>QEI2_IRQHandler</STRONG> (Thumb, 0 bytes, Stack size 0 bytes, startup_ma35d1_rtp.o(.text))
<BR>[Address Reference Count : 1]<UL><LI> startup_ma35d1_rtp.o(RESET)
</UL>
<P><STRONG><a name="[25]"></a>QSPI1_IRQHandler</STRONG> (Thumb, 0 bytes, Stack size 0 bytes, startup_ma35d1_rtp.o(.text))
<BR>[Address Reference Count : 1]<UL><LI> startup_ma35d1_rtp.o(RESET)
</UL>
<P><STRONG><a name="[11]"></a>RTC_IRQHandler</STRONG> (Thumb, 0 bytes, Stack size 0 bytes, startup_ma35d1_rtp.o(.text))
<BR>[Address Reference Count : 1]<UL><LI> startup_ma35d1_rtp.o(RESET)
</UL>
<P><STRONG><a name="[32]"></a>SC0_IRQHandler</STRONG> (Thumb, 0 bytes, Stack size 0 bytes, startup_ma35d1_rtp.o(.text))
<BR>[Address Reference Count : 1]<UL><LI> startup_ma35d1_rtp.o(RESET)
</UL>
<P><STRONG><a name="[51]"></a>SC1_IRQHandler</STRONG> (Thumb, 0 bytes, Stack size 0 bytes, startup_ma35d1_rtp.o(.text))
<BR>[Address Reference Count : 1]<UL><LI> startup_ma35d1_rtp.o(RESET)
</UL>
<P><STRONG><a name="[43]"></a>SPI0_IRQHandler</STRONG> (Thumb, 0 bytes, Stack size 0 bytes, startup_ma35d1_rtp.o(.text))
<BR>[Address Reference Count : 1]<UL><LI> startup_ma35d1_rtp.o(RESET)
</UL>
<P><STRONG><a name="[44]"></a>SPI1_IRQHandler</STRONG> (Thumb, 0 bytes, Stack size 0 bytes, startup_ma35d1_rtp.o(.text))
<BR>[Address Reference Count : 1]<UL><LI> startup_ma35d1_rtp.o(RESET)
</UL>
<P><STRONG><a name="[60]"></a>SPI2_IRQHandler</STRONG> (Thumb, 0 bytes, Stack size 0 bytes, startup_ma35d1_rtp.o(.text))
<BR>[Address Reference Count : 1]<UL><LI> startup_ma35d1_rtp.o(RESET)
</UL>
<P><STRONG><a name="[61]"></a>SPI3_IRQHandler</STRONG> (Thumb, 0 bytes, Stack size 0 bytes, startup_ma35d1_rtp.o(.text))
<BR>[Address Reference Count : 1]<UL><LI> startup_ma35d1_rtp.o(RESET)
</UL>
<P><STRONG><a name="[12]"></a>TAMPER_IRQHandler</STRONG> (Thumb, 0 bytes, Stack size 0 bytes, startup_ma35d1_rtp.o(.text))
<BR>[Address Reference Count : 1]<UL><LI> startup_ma35d1_rtp.o(RESET)
</UL>
<P><STRONG><a name="[58]"></a>TMR10_IRQHandler</STRONG> (Thumb, 0 bytes, Stack size 0 bytes, startup_ma35d1_rtp.o(.text))
<BR>[Address Reference Count : 1]<UL><LI> startup_ma35d1_rtp.o(RESET)
</UL>
<P><STRONG><a name="[59]"></a>TMR11_IRQHandler</STRONG> (Thumb, 0 bytes, Stack size 0 bytes, startup_ma35d1_rtp.o(.text))
<BR>[Address Reference Count : 1]<UL><LI> startup_ma35d1_rtp.o(RESET)
</UL>
<P><STRONG><a name="[1d]"></a>TMR2_IRQHandler</STRONG> (Thumb, 0 bytes, Stack size 0 bytes, startup_ma35d1_rtp.o(.text))
<BR>[Address Reference Count : 1]<UL><LI> startup_ma35d1_rtp.o(RESET)
</UL>
<P><STRONG><a name="[1e]"></a>TMR3_IRQHandler</STRONG> (Thumb, 0 bytes, Stack size 0 bytes, startup_ma35d1_rtp.o(.text))
<BR>[Address Reference Count : 1]<UL><LI> startup_ma35d1_rtp.o(RESET)
</UL>
<P><STRONG><a name="[39]"></a>TMR4_IRQHandler</STRONG> (Thumb, 0 bytes, Stack size 0 bytes, startup_ma35d1_rtp.o(.text))
<BR>[Address Reference Count : 1]<UL><LI> startup_ma35d1_rtp.o(RESET)
</UL>
<P><STRONG><a name="[3a]"></a>TMR5_IRQHandler</STRONG> (Thumb, 0 bytes, Stack size 0 bytes, startup_ma35d1_rtp.o(.text))
<BR>[Address Reference Count : 1]<UL><LI> startup_ma35d1_rtp.o(RESET)
</UL>
<P><STRONG><a name="[3b]"></a>TMR6_IRQHandler</STRONG> (Thumb, 0 bytes, Stack size 0 bytes, startup_ma35d1_rtp.o(.text))
<BR>[Address Reference Count : 1]<UL><LI> startup_ma35d1_rtp.o(RESET)
</UL>
<P><STRONG><a name="[3c]"></a>TMR7_IRQHandler</STRONG> (Thumb, 0 bytes, Stack size 0 bytes, startup_ma35d1_rtp.o(.text))
<BR>[Address Reference Count : 1]<UL><LI> startup_ma35d1_rtp.o(RESET)
</UL>
<P><STRONG><a name="[56]"></a>TMR8_IRQHandler</STRONG> (Thumb, 0 bytes, Stack size 0 bytes, startup_ma35d1_rtp.o(.text))
<BR>[Address Reference Count : 1]<UL><LI> startup_ma35d1_rtp.o(RESET)
</UL>
<P><STRONG><a name="[57]"></a>TMR9_IRQHandler</STRONG> (Thumb, 0 bytes, Stack size 0 bytes, startup_ma35d1_rtp.o(.text))
<BR>[Address Reference Count : 1]<UL><LI> startup_ma35d1_rtp.o(RESET)
</UL>
<P><STRONG><a name="[4b]"></a>UART10_IRQHandler</STRONG> (Thumb, 0 bytes, Stack size 0 bytes, startup_ma35d1_rtp.o(.text))
<BR>[Address Reference Count : 1]<UL><LI> startup_ma35d1_rtp.o(RESET)
</UL>
<P><STRONG><a name="[4c]"></a>UART11_IRQHandler</STRONG> (Thumb, 0 bytes, Stack size 0 bytes, startup_ma35d1_rtp.o(.text))
<BR>[Address Reference Count : 1]<UL><LI> startup_ma35d1_rtp.o(RESET)
</UL>
<P><STRONG><a name="[62]"></a>UART12_IRQHandler</STRONG> (Thumb, 0 bytes, Stack size 0 bytes, startup_ma35d1_rtp.o(.text))
<BR>[Address Reference Count : 1]<UL><LI> startup_ma35d1_rtp.o(RESET)
</UL>
<P><STRONG><a name="[63]"></a>UART13_IRQHandler</STRONG> (Thumb, 0 bytes, Stack size 0 bytes, startup_ma35d1_rtp.o(.text))
<BR>[Address Reference Count : 1]<UL><LI> startup_ma35d1_rtp.o(RESET)
</UL>
<P><STRONG><a name="[64]"></a>UART14_IRQHandler</STRONG> (Thumb, 0 bytes, Stack size 0 bytes, startup_ma35d1_rtp.o(.text))
<BR>[Address Reference Count : 1]<UL><LI> startup_ma35d1_rtp.o(RESET)
</UL>
<P><STRONG><a name="[65]"></a>UART15_IRQHandler</STRONG> (Thumb, 0 bytes, Stack size 0 bytes, startup_ma35d1_rtp.o(.text))
<BR>[Address Reference Count : 1]<UL><LI> startup_ma35d1_rtp.o(RESET)
</UL>
<P><STRONG><a name="[66]"></a>UART16_IRQHandler</STRONG> (Thumb, 0 bytes, Stack size 0 bytes, startup_ma35d1_rtp.o(.text))
<BR>[Address Reference Count : 1]<UL><LI> startup_ma35d1_rtp.o(RESET)
</UL>
<P><STRONG><a name="[26]"></a>UART1_IRQHandler</STRONG> (Thumb, 0 bytes, Stack size 0 bytes, startup_ma35d1_rtp.o(.text))
<BR>[Address Reference Count : 1]<UL><LI> startup_ma35d1_rtp.o(RESET)
</UL>
<P><STRONG><a name="[27]"></a>UART2_IRQHandler</STRONG> (Thumb, 0 bytes, Stack size 0 bytes, startup_ma35d1_rtp.o(.text))
<BR>[Address Reference Count : 1]<UL><LI> startup_ma35d1_rtp.o(RESET)
</UL>
<P><STRONG><a name="[28]"></a>UART3_IRQHandler</STRONG> (Thumb, 0 bytes, Stack size 0 bytes, startup_ma35d1_rtp.o(.text))
<BR>[Address Reference Count : 1]<UL><LI> startup_ma35d1_rtp.o(RESET)
</UL>
<P><STRONG><a name="[29]"></a>UART4_IRQHandler</STRONG> (Thumb, 0 bytes, Stack size 0 bytes, startup_ma35d1_rtp.o(.text))
<BR>[Address Reference Count : 1]<UL><LI> startup_ma35d1_rtp.o(RESET)
</UL>
<P><STRONG><a name="[2a]"></a>UART5_IRQHandler</STRONG> (Thumb, 0 bytes, Stack size 0 bytes, startup_ma35d1_rtp.o(.text))
<BR>[Address Reference Count : 1]<UL><LI> startup_ma35d1_rtp.o(RESET)
</UL>
<P><STRONG><a name="[47]"></a>UART6_IRQHandler</STRONG> (Thumb, 0 bytes, Stack size 0 bytes, startup_ma35d1_rtp.o(.text))
<BR>[Address Reference Count : 1]<UL><LI> startup_ma35d1_rtp.o(RESET)
</UL>
<P><STRONG><a name="[48]"></a>UART7_IRQHandler</STRONG> (Thumb, 0 bytes, Stack size 0 bytes, startup_ma35d1_rtp.o(.text))
<BR>[Address Reference Count : 1]<UL><LI> startup_ma35d1_rtp.o(RESET)
</UL>
<P><STRONG><a name="[49]"></a>UART8_IRQHandler</STRONG> (Thumb, 0 bytes, Stack size 0 bytes, startup_ma35d1_rtp.o(.text))
<BR>[Address Reference Count : 1]<UL><LI> startup_ma35d1_rtp.o(RESET)
</UL>
<P><STRONG><a name="[4a]"></a>UART9_IRQHandler</STRONG> (Thumb, 0 bytes, Stack size 0 bytes, startup_ma35d1_rtp.o(.text))
<BR>[Address Reference Count : 1]<UL><LI> startup_ma35d1_rtp.o(RESET)
</UL>
<P><STRONG><a name="[13]"></a>WDT2_IRQHandler</STRONG> (Thumb, 0 bytes, Stack size 0 bytes, startup_ma35d1_rtp.o(.text))
<BR>[Address Reference Count : 1]<UL><LI> startup_ma35d1_rtp.o(RESET)
</UL>
<P><STRONG><a name="[10]"></a>WHC0_IRQHandler</STRONG> (Thumb, 0 bytes, Stack size 0 bytes, startup_ma35d1_rtp.o(.text))
<BR>[Address Reference Count : 1]<UL><LI> startup_ma35d1_rtp.o(RESET)
</UL>
<P><STRONG><a name="[7b]"></a>UART16_Init</STRONG> (Thumb, 90 bytes, Stack size 16 bytes, main.o(.text))
<BR><BR>[Stack]<UL><LI>Max Depth = 56<LI>Call Chain = UART16_Init &rArr; UART_Open
</UL>
<BR>[Calls]<UL><LI><a href="#[7f]">&gt;&gt;</a>&nbsp;&nbsp;&nbsp;UART_Open
<LI><a href="#[7d]">&gt;&gt;</a>&nbsp;&nbsp;&nbsp;CLK_SetModuleClock
<LI><a href="#[7c]">&gt;&gt;</a>&nbsp;&nbsp;&nbsp;CLK_EnableModuleClock
<LI><a href="#[7e]">&gt;&gt;</a>&nbsp;&nbsp;&nbsp;SystemCoreClockUpdate
</UL>
<BR>[Called By]<UL><LI><a href="#[71]">&gt;&gt;</a>&nbsp;&nbsp;&nbsp;main
</UL>

<P><STRONG><a name="[71]"></a>main</STRONG> (Thumb, 80 bytes, Stack size 0 bytes, main.o(.text))
<BR><BR>[Stack]<UL><LI>Max Depth = 56<LI>Call Chain = main &rArr; __aeabi_ui2d &rArr; _double_epilogue &rArr; _double_round
</UL>
<BR>[Calls]<UL><LI><a href="#[82]">&gt;&gt;</a>&nbsp;&nbsp;&nbsp;__aeabi_ui2d
<LI><a href="#[83]">&gt;&gt;</a>&nbsp;&nbsp;&nbsp;__aeabi_ddiv
<LI><a href="#[81]">&gt;&gt;</a>&nbsp;&nbsp;&nbsp;WWDT_init
<LI><a href="#[7b]">&gt;&gt;</a>&nbsp;&nbsp;&nbsp;UART16_Init
<LI><a href="#[80]">&gt;&gt;</a>&nbsp;&nbsp;&nbsp;__2printf
</UL>
<BR>[Address Reference Count : 1]<UL><LI> entry9a.o(.ARM.Collect$$$$0000000B)
</UL>
<P><STRONG><a name="[7d]"></a>CLK_SetModuleClock</STRONG> (Thumb, 160 bytes, Stack size 16 bytes, clk.o(.text))
<BR><BR>[Stack]<UL><LI>Max Depth = 16<LI>Call Chain = CLK_SetModuleClock
</UL>
<BR>[Called By]<UL><LI><a href="#[81]">&gt;&gt;</a>&nbsp;&nbsp;&nbsp;WWDT_init
<LI><a href="#[7b]">&gt;&gt;</a>&nbsp;&nbsp;&nbsp;UART16_Init
</UL>

<P><STRONG><a name="[7c]"></a>CLK_EnableModuleClock</STRONG> (Thumb, 26 bytes, Stack size 0 bytes, clk.o(.text))
<BR><BR>[Called By]<UL><LI><a href="#[7b]">&gt;&gt;</a>&nbsp;&nbsp;&nbsp;UART16_Init
</UL>

<P><STRONG><a name="[84]"></a>CLK_GetSYSCLK1Freq</STRONG> (Thumb, 18 bytes, Stack size 0 bytes, clk.o(.text))
<BR><BR>[Called By]<UL><LI><a href="#[7f]">&gt;&gt;</a>&nbsp;&nbsp;&nbsp;UART_Open
</UL>

<P><STRONG><a name="[72]"></a>Hard_Fault_Handler</STRONG> (Thumb, 16 bytes, Stack size 0 bytes, retarget.o(.text))
<BR><BR>[Stack]<UL><LI>Max Depth = 32<LI>Call Chain = Hard_Fault_Handler &rArr; stackDump &rArr; __2printf
</UL>
<BR>[Calls]<UL><LI><a href="#[77]">&gt;&gt;</a>&nbsp;&nbsp;&nbsp;stackDump
<LI><a href="#[80]">&gt;&gt;</a>&nbsp;&nbsp;&nbsp;__2printf
</UL>
<BR>[Address Reference Count : 1]<UL><LI> retarget.o(.emb_text)
</UL>
<P><STRONG><a name="[75]"></a>fputc</STRONG> (Thumb, 12 bytes, Stack size 8 bytes, retarget.o(.text))
<BR><BR>[Stack]<UL><LI>Max Depth = 8<LI>Call Chain = fputc
</UL>
<BR>[Calls]<UL><LI><a href="#[78]">&gt;&gt;</a>&nbsp;&nbsp;&nbsp;SendChar
</UL>
<BR>[Address Reference Count : 1]<UL><LI> printfa.o(i.__0printf)
</UL>
<P><STRONG><a name="[7f]"></a>UART_Open</STRONG> (Thumb, 212 bytes, Stack size 40 bytes, uart.o(.text))
<BR><BR>[Stack]<UL><LI>Max Depth = 40<LI>Call Chain = UART_Open
</UL>
<BR>[Calls]<UL><LI><a href="#[84]">&gt;&gt;</a>&nbsp;&nbsp;&nbsp;CLK_GetSYSCLK1Freq
</UL>
<BR>[Called By]<UL><LI><a href="#[7b]">&gt;&gt;</a>&nbsp;&nbsp;&nbsp;UART16_Init
</UL>

<P><STRONG><a name="[85]"></a>WWDT_Open</STRONG> (Thumb, 28 bytes, Stack size 0 bytes, wwdt.o(.text))
<BR><BR>[Called By]<UL><LI><a href="#[81]">&gt;&gt;</a>&nbsp;&nbsp;&nbsp;WWDT_init
</UL>

<P><STRONG><a name="[14]"></a>WWDT2_IRQHandler</STRONG> (Thumb, 32 bytes, Stack size 0 bytes, watchdog.o(.text))
<BR><BR>[Stack]<UL><LI>Max Depth = 24<LI>Call Chain = WWDT2_IRQHandler &rArr; __2printf
</UL>
<BR>[Calls]<UL><LI><a href="#[80]">&gt;&gt;</a>&nbsp;&nbsp;&nbsp;__2printf
</UL>
<BR>[Address Reference Count : 1]<UL><LI> startup_ma35d1_rtp.o(RESET)
</UL>
<P><STRONG><a name="[81]"></a>WWDT_init</STRONG> (Thumb, 108 bytes, Stack size 8 bytes, watchdog.o(.text))
<BR><BR>[Stack]<UL><LI>Max Depth = 32<LI>Call Chain = WWDT_init &rArr; __2printf
</UL>
<BR>[Calls]<UL><LI><a href="#[7d]">&gt;&gt;</a>&nbsp;&nbsp;&nbsp;CLK_SetModuleClock
<LI><a href="#[7e]">&gt;&gt;</a>&nbsp;&nbsp;&nbsp;SystemCoreClockUpdate
<LI><a href="#[80]">&gt;&gt;</a>&nbsp;&nbsp;&nbsp;__2printf
<LI><a href="#[85]">&gt;&gt;</a>&nbsp;&nbsp;&nbsp;WWDT_Open
</UL>
<BR>[Called By]<UL><LI><a href="#[71]">&gt;&gt;</a>&nbsp;&nbsp;&nbsp;main
</UL>

<P><STRONG><a name="[83]"></a>__aeabi_ddiv</STRONG> (Thumb, 222 bytes, Stack size 32 bytes, ddiv.o(.text))
<BR><BR>[Stack]<UL><LI>Max Depth = 40<LI>Call Chain = __aeabi_ddiv &rArr; _double_round
</UL>
<BR>[Calls]<UL><LI><a href="#[86]">&gt;&gt;</a>&nbsp;&nbsp;&nbsp;_double_round
</UL>
<BR>[Called By]<UL><LI><a href="#[71]">&gt;&gt;</a>&nbsp;&nbsp;&nbsp;main
<LI><a href="#[94]">&gt;&gt;</a>&nbsp;&nbsp;&nbsp;_fp_digits
</UL>

<P><STRONG><a name="[82]"></a>__aeabi_ui2d</STRONG> (Thumb, 26 bytes, Stack size 16 bytes, dfltui.o(.text))
<BR><BR>[Stack]<UL><LI>Max Depth = 56<LI>Call Chain = __aeabi_ui2d &rArr; _double_epilogue &rArr; _double_round
</UL>
<BR>[Calls]<UL><LI><a href="#[87]">&gt;&gt;</a>&nbsp;&nbsp;&nbsp;_double_epilogue
</UL>
<BR>[Called By]<UL><LI><a href="#[71]">&gt;&gt;</a>&nbsp;&nbsp;&nbsp;main
</UL>

<P><STRONG><a name="[a0]"></a>__aeabi_uidiv</STRONG> (Thumb, 0 bytes, Stack size 12 bytes, uidiv.o(.text), UNUSED)

<P><STRONG><a name="[98]"></a>__aeabi_uidivmod</STRONG> (Thumb, 44 bytes, Stack size 12 bytes, uidiv.o(.text), UNUSED)
<BR><BR>[Called By]<UL><LI><a href="#[93]">&gt;&gt;</a>&nbsp;&nbsp;&nbsp;_printf_core
</UL>

<P><STRONG><a name="[88]"></a>__aeabi_uldivmod</STRONG> (Thumb, 98 bytes, Stack size 40 bytes, uldiv.o(.text), UNUSED)
<BR><BR>[Calls]<UL><LI><a href="#[89]">&gt;&gt;</a>&nbsp;&nbsp;&nbsp;__aeabi_llsr
<LI><a href="#[8a]">&gt;&gt;</a>&nbsp;&nbsp;&nbsp;__aeabi_llsl
</UL>
<BR>[Called By]<UL><LI><a href="#[93]">&gt;&gt;</a>&nbsp;&nbsp;&nbsp;_printf_core
<LI><a href="#[94]">&gt;&gt;</a>&nbsp;&nbsp;&nbsp;_fp_digits
</UL>

<P><STRONG><a name="[a1]"></a>__I$use$fp</STRONG> (Thumb, 0 bytes, Stack size 8 bytes, iusefp.o(.text), UNUSED)

<P><STRONG><a name="[86]"></a>_double_round</STRONG> (Thumb, 30 bytes, Stack size 8 bytes, depilogue.o(.text))
<BR><BR>[Stack]<UL><LI>Max Depth = 8<LI>Call Chain = _double_round
</UL>
<BR>[Called By]<UL><LI><a href="#[83]">&gt;&gt;</a>&nbsp;&nbsp;&nbsp;__aeabi_ddiv
<LI><a href="#[87]">&gt;&gt;</a>&nbsp;&nbsp;&nbsp;_double_epilogue
<LI><a href="#[8b]">&gt;&gt;</a>&nbsp;&nbsp;&nbsp;__aeabi_dadd
</UL>

<P><STRONG><a name="[87]"></a>_double_epilogue</STRONG> (Thumb, 156 bytes, Stack size 32 bytes, depilogue.o(.text))
<BR><BR>[Stack]<UL><LI>Max Depth = 40<LI>Call Chain = _double_epilogue &rArr; _double_round
</UL>
<BR>[Calls]<UL><LI><a href="#[89]">&gt;&gt;</a>&nbsp;&nbsp;&nbsp;__aeabi_llsr
<LI><a href="#[8a]">&gt;&gt;</a>&nbsp;&nbsp;&nbsp;__aeabi_llsl
<LI><a href="#[86]">&gt;&gt;</a>&nbsp;&nbsp;&nbsp;_double_round
</UL>
<BR>[Called By]<UL><LI><a href="#[82]">&gt;&gt;</a>&nbsp;&nbsp;&nbsp;__aeabi_ui2d
<LI><a href="#[8f]">&gt;&gt;</a>&nbsp;&nbsp;&nbsp;__aeabi_dmul
<LI><a href="#[8b]">&gt;&gt;</a>&nbsp;&nbsp;&nbsp;__aeabi_dadd
</UL>

<P><STRONG><a name="[8b]"></a>__aeabi_dadd</STRONG> (Thumb, 322 bytes, Stack size 48 bytes, dadd.o(.text), UNUSED)
<BR><BR>[Calls]<UL><LI><a href="#[8c]">&gt;&gt;</a>&nbsp;&nbsp;&nbsp;__aeabi_lasr
<LI><a href="#[8a]">&gt;&gt;</a>&nbsp;&nbsp;&nbsp;__aeabi_llsl
<LI><a href="#[87]">&gt;&gt;</a>&nbsp;&nbsp;&nbsp;_double_epilogue
<LI><a href="#[86]">&gt;&gt;</a>&nbsp;&nbsp;&nbsp;_double_round
</UL>
<BR>[Called By]<UL><LI><a href="#[8e]">&gt;&gt;</a>&nbsp;&nbsp;&nbsp;__aeabi_drsub
<LI><a href="#[8d]">&gt;&gt;</a>&nbsp;&nbsp;&nbsp;__aeabi_dsub
<LI><a href="#[94]">&gt;&gt;</a>&nbsp;&nbsp;&nbsp;_fp_digits
</UL>

<P><STRONG><a name="[8d]"></a>__aeabi_dsub</STRONG> (Thumb, 6 bytes, Stack size 0 bytes, dadd.o(.text), UNUSED)
<BR><BR>[Calls]<UL><LI><a href="#[8b]">&gt;&gt;</a>&nbsp;&nbsp;&nbsp;__aeabi_dadd
</UL>

<P><STRONG><a name="[8e]"></a>__aeabi_drsub</STRONG> (Thumb, 6 bytes, Stack size 0 bytes, dadd.o(.text), UNUSED)
<BR><BR>[Calls]<UL><LI><a href="#[8b]">&gt;&gt;</a>&nbsp;&nbsp;&nbsp;__aeabi_dadd
</UL>

<P><STRONG><a name="[8f]"></a>__aeabi_dmul</STRONG> (Thumb, 228 bytes, Stack size 48 bytes, dmul.o(.text), UNUSED)
<BR><BR>[Calls]<UL><LI><a href="#[87]">&gt;&gt;</a>&nbsp;&nbsp;&nbsp;_double_epilogue
</UL>
<BR>[Called By]<UL><LI><a href="#[94]">&gt;&gt;</a>&nbsp;&nbsp;&nbsp;_fp_digits
</UL>

<P><STRONG><a name="[90]"></a>__aeabi_d2ulz</STRONG> (Thumb, 48 bytes, Stack size 0 bytes, dfixul.o(.text), UNUSED)
<BR><BR>[Calls]<UL><LI><a href="#[89]">&gt;&gt;</a>&nbsp;&nbsp;&nbsp;__aeabi_llsr
<LI><a href="#[8a]">&gt;&gt;</a>&nbsp;&nbsp;&nbsp;__aeabi_llsl
</UL>
<BR>[Called By]<UL><LI><a href="#[94]">&gt;&gt;</a>&nbsp;&nbsp;&nbsp;_fp_digits
</UL>

<P><STRONG><a name="[95]"></a>__aeabi_cdrcmple</STRONG> (Thumb, 48 bytes, Stack size 0 bytes, cdrcmple.o(.text), UNUSED)
<BR><BR>[Called By]<UL><LI><a href="#[94]">&gt;&gt;</a>&nbsp;&nbsp;&nbsp;_fp_digits
</UL>

<P><STRONG><a name="[7a]"></a>__scatterload</STRONG> (Thumb, 28 bytes, Stack size 0 bytes, init.o(.text))
<BR><BR>[Calls]<UL><LI><a href="#[91]">&gt;&gt;</a>&nbsp;&nbsp;&nbsp;__main_after_scatterload
</UL>
<BR>[Called By]<UL><LI><a href="#[79]">&gt;&gt;</a>&nbsp;&nbsp;&nbsp;_main_scatterload
</UL>

<P><STRONG><a name="[a2]"></a>__scatterload_rt2</STRONG> (Thumb, 0 bytes, Stack size 0 bytes, init.o(.text), UNUSED)

<P><STRONG><a name="[8a]"></a>__aeabi_llsl</STRONG> (Thumb, 30 bytes, Stack size 0 bytes, llshl.o(.text))
<BR><BR>[Called By]<UL><LI><a href="#[88]">&gt;&gt;</a>&nbsp;&nbsp;&nbsp;__aeabi_uldivmod
<LI><a href="#[87]">&gt;&gt;</a>&nbsp;&nbsp;&nbsp;_double_epilogue
<LI><a href="#[8b]">&gt;&gt;</a>&nbsp;&nbsp;&nbsp;__aeabi_dadd
<LI><a href="#[90]">&gt;&gt;</a>&nbsp;&nbsp;&nbsp;__aeabi_d2ulz
</UL>

<P><STRONG><a name="[a3]"></a>_ll_shift_l</STRONG> (Thumb, 0 bytes, Stack size 0 bytes, llshl.o(.text), UNUSED)

<P><STRONG><a name="[89]"></a>__aeabi_llsr</STRONG> (Thumb, 32 bytes, Stack size 0 bytes, llushr.o(.text))
<BR><BR>[Called By]<UL><LI><a href="#[88]">&gt;&gt;</a>&nbsp;&nbsp;&nbsp;__aeabi_uldivmod
<LI><a href="#[87]">&gt;&gt;</a>&nbsp;&nbsp;&nbsp;_double_epilogue
<LI><a href="#[90]">&gt;&gt;</a>&nbsp;&nbsp;&nbsp;__aeabi_d2ulz
</UL>

<P><STRONG><a name="[a4]"></a>_ll_ushift_r</STRONG> (Thumb, 0 bytes, Stack size 0 bytes, llushr.o(.text), UNUSED)

<P><STRONG><a name="[8c]"></a>__aeabi_lasr</STRONG> (Thumb, 36 bytes, Stack size 0 bytes, llsshr.o(.text), UNUSED)
<BR><BR>[Called By]<UL><LI><a href="#[8b]">&gt;&gt;</a>&nbsp;&nbsp;&nbsp;__aeabi_dadd
</UL>

<P><STRONG><a name="[a5]"></a>_ll_sshift_r</STRONG> (Thumb, 0 bytes, Stack size 0 bytes, llsshr.o(.text), UNUSED)

<P><STRONG><a name="[92]"></a>__0printf</STRONG> (Thumb, 22 bytes, Stack size 24 bytes, printfa.o(i.__0printf), UNUSED)
<BR><BR>[Calls]<UL><LI><a href="#[93]">&gt;&gt;</a>&nbsp;&nbsp;&nbsp;_printf_core
</UL>

<P><STRONG><a name="[a6]"></a>__1printf</STRONG> (Thumb, 0 bytes, Stack size 24 bytes, printfa.o(i.__0printf), UNUSED)

<P><STRONG><a name="[80]"></a>__2printf</STRONG> (Thumb, 0 bytes, Stack size 24 bytes, printfa.o(i.__0printf))
<BR><BR>[Stack]<UL><LI>Max Depth = 24<LI>Call Chain = __2printf
</UL>
<BR>[Called By]<UL><LI><a href="#[72]">&gt;&gt;</a>&nbsp;&nbsp;&nbsp;Hard_Fault_Handler
<LI><a href="#[77]">&gt;&gt;</a>&nbsp;&nbsp;&nbsp;stackDump
<LI><a href="#[81]">&gt;&gt;</a>&nbsp;&nbsp;&nbsp;WWDT_init
<LI><a href="#[71]">&gt;&gt;</a>&nbsp;&nbsp;&nbsp;main
<LI><a href="#[14]">&gt;&gt;</a>&nbsp;&nbsp;&nbsp;WWDT2_IRQHandler
</UL>

<P><STRONG><a name="[a7]"></a>__c89printf</STRONG> (Thumb, 0 bytes, Stack size 24 bytes, printfa.o(i.__0printf), UNUSED)

<P><STRONG><a name="[a8]"></a>printf</STRONG> (Thumb, 0 bytes, Stack size 24 bytes, printfa.o(i.__0printf), UNUSED)

<P><STRONG><a name="[a9]"></a>__scatterload_copy</STRONG> (Thumb, 14 bytes, Stack size unknown bytes, handlers.o(i.__scatterload_copy), UNUSED)

<P><STRONG><a name="[aa]"></a>__scatterload_null</STRONG> (Thumb, 2 bytes, Stack size unknown bytes, handlers.o(i.__scatterload_null), UNUSED)

<P><STRONG><a name="[ab]"></a>__scatterload_zeroinit</STRONG> (Thumb, 14 bytes, Stack size unknown bytes, handlers.o(i.__scatterload_zeroinit), UNUSED)
<P>
<H3>
Local Symbols
</H3>
<P><STRONG><a name="[c]"></a>Default_Handler</STRONG> (Thumb, 2 bytes, Stack size 0 bytes, startup_ma35d1_rtp.o(.text))
<BR><BR>[Calls]<UL><LI><a href="#[c]">&gt;&gt;</a>&nbsp;&nbsp;&nbsp;Default_Handler
</UL>
<BR>[Called By]<UL><LI><a href="#[c]">&gt;&gt;</a>&nbsp;&nbsp;&nbsp;Default_Handler
</UL>
<BR>[Address Reference Count : 1]<UL><LI> startup_ma35d1_rtp.o(RESET)
</UL>
<P><STRONG><a name="[77]"></a>stackDump</STRONG> (Thumb, 72 bytes, Stack size 8 bytes, retarget.o(.text))
<BR><BR>[Stack]<UL><LI>Max Depth = 32<LI>Call Chain = stackDump &rArr; __2printf
</UL>
<BR>[Calls]<UL><LI><a href="#[80]">&gt;&gt;</a>&nbsp;&nbsp;&nbsp;__2printf
</UL>
<BR>[Called By]<UL><LI><a href="#[72]">&gt;&gt;</a>&nbsp;&nbsp;&nbsp;Hard_Fault_Handler
</UL>

<P><STRONG><a name="[78]"></a>SendChar</STRONG> (Thumb, 26 bytes, Stack size 0 bytes, retarget.o(.text))
<BR><BR>[Called By]<UL><LI><a href="#[75]">&gt;&gt;</a>&nbsp;&nbsp;&nbsp;fputc
</UL>

<P><STRONG><a name="[94]"></a>_fp_digits</STRONG> (Thumb, 366 bytes, Stack size 64 bytes, printfa.o(i._fp_digits), UNUSED)
<BR><BR>[Calls]<UL><LI><a href="#[83]">&gt;&gt;</a>&nbsp;&nbsp;&nbsp;__aeabi_ddiv
<LI><a href="#[88]">&gt;&gt;</a>&nbsp;&nbsp;&nbsp;__aeabi_uldivmod
<LI><a href="#[8f]">&gt;&gt;</a>&nbsp;&nbsp;&nbsp;__aeabi_dmul
<LI><a href="#[8b]">&gt;&gt;</a>&nbsp;&nbsp;&nbsp;__aeabi_dadd
<LI><a href="#[90]">&gt;&gt;</a>&nbsp;&nbsp;&nbsp;__aeabi_d2ulz
<LI><a href="#[95]">&gt;&gt;</a>&nbsp;&nbsp;&nbsp;__aeabi_cdrcmple
</UL>
<BR>[Called By]<UL><LI><a href="#[93]">&gt;&gt;</a>&nbsp;&nbsp;&nbsp;_printf_core
</UL>

<P><STRONG><a name="[93]"></a>_printf_core</STRONG> (Thumb, 1704 bytes, Stack size 136 bytes, printfa.o(i._printf_core), UNUSED)
<BR><BR>[Calls]<UL><LI><a href="#[88]">&gt;&gt;</a>&nbsp;&nbsp;&nbsp;__aeabi_uldivmod
<LI><a href="#[98]">&gt;&gt;</a>&nbsp;&nbsp;&nbsp;__aeabi_uidivmod
<LI><a href="#[96]">&gt;&gt;</a>&nbsp;&nbsp;&nbsp;_printf_pre_padding
<LI><a href="#[97]">&gt;&gt;</a>&nbsp;&nbsp;&nbsp;_printf_post_padding
<LI><a href="#[94]">&gt;&gt;</a>&nbsp;&nbsp;&nbsp;_fp_digits
</UL>
<BR>[Called By]<UL><LI><a href="#[92]">&gt;&gt;</a>&nbsp;&nbsp;&nbsp;__0printf
</UL>

<P><STRONG><a name="[97]"></a>_printf_post_padding</STRONG> (Thumb, 36 bytes, Stack size 24 bytes, printfa.o(i._printf_post_padding), UNUSED)
<BR><BR>[Called By]<UL><LI><a href="#[93]">&gt;&gt;</a>&nbsp;&nbsp;&nbsp;_printf_core
</UL>

<P><STRONG><a name="[96]"></a>_printf_pre_padding</STRONG> (Thumb, 46 bytes, Stack size 24 bytes, printfa.o(i._printf_pre_padding), UNUSED)
<BR><BR>[Called By]<UL><LI><a href="#[93]">&gt;&gt;</a>&nbsp;&nbsp;&nbsp;_printf_core
</UL>
<P>
<H3>
Undefined Global Symbols
</H3><HR></body></html>
